15:46:54 **** Build of project cannyProjectSdk_bsp ****
make -k all 
"Running Make include in ps7_cortexa9_0/libsrc/coresightps_dcc_v1_4/src"
make -C ps7_cortexa9_0/libsrc/coresightps_dcc_v1_4/src -s include  "SHELL=CMD" "COMPILER=arm-none-eabi-gcc" "ARCHIVER=arm-none-eabi-ar" "COMPILER_FLAGS=  -O2 -c" "EXTRA_COMPILER_FLAGS=-mcpu=cortex-a9 -mfpu=vfpv3 -mfloat-abi=hard -nostartfiles -Wall -Wextra"
"Running Make include in ps7_cortexa9_0/libsrc/cpu_cortexa9_v2_4/src"
make -C ps7_cortexa9_0/libsrc/cpu_cortexa9_v2_4/src -s include  "SHELL=CMD" "COMPILER=arm-none-eabi-gcc" "ARCHIVER=arm-none-eabi-ar" "COMPILER_FLAGS=  -O2 -c" "EXTRA_COMPILER_FLAGS=-mcpu=cortex-a9 -mfpu=vfpv3 -mfloat-abi=hard -nostartfiles -Wall -Wextra"
"Running Make include in ps7_cortexa9_0/libsrc/ddrps_v1_0/src"
make -C ps7_cortexa9_0/libsrc/ddrps_v1_0/src -s include  "SHELL=CMD" "COMPILER=arm-none-eabi-gcc" "ARCHIVER=arm-none-eabi-ar" "COMPILER_FLAGS=  -O2 -c" "EXTRA_COMPILER_FLAGS=-mcpu=cortex-a9 -mfpu=vfpv3 -mfloat-abi=hard -nostartfiles -Wall -Wextra"
"Running Make include in ps7_cortexa9_0/libsrc/devcfg_v3_4/src"
make -C ps7_cortexa9_0/libsrc/devcfg_v3_4/src -s include  "SHELL=CMD" "COMPILER=arm-none-eabi-gcc" "ARCHIVER=arm-none-eabi-ar" "COMPILER_FLAGS=  -O2 -c" "EXTRA_COMPILER_FLAGS=-mcpu=cortex-a9 -mfpu=vfpv3 -mfloat-abi=hard -nostartfiles -Wall -Wextra"
"Running Make include in ps7_cortexa9_0/libsrc/dmaps_v2_3/src"
make -C ps7_cortexa9_0/libsrc/dmaps_v2_3/src -s include  "SHELL=CMD" "COMPILER=arm-none-eabi-gcc" "ARCHIVER=arm-none-eabi-ar" "COMPILER_FLAGS=  -O2 -c" "EXTRA_COMPILER_FLAGS=-mcpu=cortex-a9 -mfpu=vfpv3 -mfloat-abi=hard -nostartfiles -Wall -Wextra"
"Running Make include in ps7_cortexa9_0/libsrc/gpiops_v3_3/src"
make -C ps7_cortexa9_0/libsrc/gpiops_v3_3/src -s include  "SHELL=CMD" "COMPILER=arm-none-eabi-gcc" "ARCHIVER=arm-none-eabi-ar" "COMPILER_FLAGS=  -O2 -c" "EXTRA_COMPILER_FLAGS=-mcpu=cortex-a9 -mfpu=vfpv3 -mfloat-abi=hard -nostartfiles -Wall -Wextra"
"Running Make include in ps7_cortexa9_0/libsrc/qspips_v3_3/src"
make -C ps7_cortexa9_0/libsrc/qspips_v3_3/src -s include  "SHELL=CMD" "COMPILER=arm-none-eabi-gcc" "ARCHIVER=arm-none-eabi-ar" "COMPILER_FLAGS=  -O2 -c" "EXTRA_COMPILER_FLAGS=-mcpu=cortex-a9 -mfpu=vfpv3 -mfloat-abi=hard -nostartfiles -Wall -Wextra"
"Running Make include in ps7_cortexa9_0/libsrc/scugic_v3_7/src"
make -C ps7_cortexa9_0/libsrc/scugic_v3_7/src -s include  "SHELL=CMD" "COMPILER=arm-none-eabi-gcc" "ARCHIVER=arm-none-eabi-ar" "COMPILER_FLAGS=  -O2 -c" "EXTRA_COMPILER_FLAGS=-mcpu=cortex-a9 -mfpu=vfpv3 -mfloat-abi=hard -nostartfiles -Wall -Wextra"
"Running Make include in ps7_cortexa9_0/libsrc/scutimer_v2_1/src"
make -C ps7_cortexa9_0/libsrc/scutimer_v2_1/src -s include  "SHELL=CMD" "COMPILER=arm-none-eabi-gcc" "ARCHIVER=arm-none-eabi-ar" "COMPILER_FLAGS=  -O2 -c" "EXTRA_COMPILER_FLAGS=-mcpu=cortex-a9 -mfpu=vfpv3 -mfloat-abi=hard -nostartfiles -Wall -Wextra"
"Running Make include in ps7_cortexa9_0/libsrc/scuwdt_v2_1/src"
make -C ps7_cortexa9_0/libsrc/scuwdt_v2_1/src -s include  "SHELL=CMD" "COMPILER=arm-none-eabi-gcc" "ARCHIVER=arm-none-eabi-ar" "COMPILER_FLAGS=  -O2 -c" "EXTRA_COMPILER_FLAGS=-mcpu=cortex-a9 -mfpu=vfpv3 -mfloat-abi=hard -nostartfiles -Wall -Wextra"
"Running Make include in ps7_cortexa9_0/libsrc/sdps_v3_2/src"
make -C ps7_cortexa9_0/libsrc/sdps_v3_2/src -s include  "SHELL=CMD" "COMPILER=arm-none-eabi-gcc" "ARCHIVER=arm-none-eabi-ar" "COMPILER_FLAGS=  -O2 -c" "EXTRA_COMPILER_FLAGS=-mcpu=cortex-a9 -mfpu=vfpv3 -mfloat-abi=hard -nostartfiles -Wall -Wextra"
"Running Make include in ps7_cortexa9_0/libsrc/standalone_v6_3/src"
make -C ps7_cortexa9_0/libsrc/standalone_v6_3/src -s include  "SHELL=CMD" "COMPILER=arm-none-eabi-gcc" "ARCHIVER=arm-none-eabi-ar" "COMPILER_FLAGS=  -O2 -c" "EXTRA_COMPILER_FLAGS=-mcpu=cortex-a9 -mfpu=vfpv3 -mfloat-abi=hard -nostartfiles -Wall -Wextra"
"Running Make include in ps7_cortexa9_0/libsrc/testFlow_v1_11/src"
make -C ps7_cortexa9_0/libsrc/testFlow_v1_11/src -s include  "SHELL=CMD" "COMPILER=arm-none-eabi-gcc" "ARCHIVER=arm-none-eabi-ar" "COMPILER_FLAGS=  -O2 -c" "EXTRA_COMPILER_FLAGS=-mcpu=cortex-a9 -mfpu=vfpv3 -mfloat-abi=hard -nostartfiles -Wall -Wextra"
"Running Make include in ps7_cortexa9_0/libsrc/ttcps_v3_3/src"
make -C ps7_cortexa9_0/libsrc/ttcps_v3_3/src -s include  "SHELL=CMD" "COMPILER=arm-none-eabi-gcc" "ARCHIVER=arm-none-eabi-ar" "COMPILER_FLAGS=  -O2 -c" "EXTRA_COMPILER_FLAGS=-mcpu=cortex-a9 -mfpu=vfpv3 -mfloat-abi=hard -nostartfiles -Wall -Wextra"
"Running Make include in ps7_cortexa9_0/libsrc/uartps_v3_4/src"
make -C ps7_cortexa9_0/libsrc/uartps_v3_4/src -s include  "SHELL=CMD" "COMPILER=arm-none-eabi-gcc" "ARCHIVER=arm-none-eabi-ar" "COMPILER_FLAGS=  -O2 -c" "EXTRA_COMPILER_FLAGS=-mcpu=cortex-a9 -mfpu=vfpv3 -mfloat-abi=hard -nostartfiles -Wall -Wextra"
"Running Make include in ps7_cortexa9_0/libsrc/usbps_v2_4/src"
make -C ps7_cortexa9_0/libsrc/usbps_v2_4/src -s include  "SHELL=CMD" "COMPILER=arm-none-eabi-gcc" "ARCHIVER=arm-none-eabi-ar" "COMPILER_FLAGS=  -O2 -c" "EXTRA_COMPILER_FLAGS=-mcpu=cortex-a9 -mfpu=vfpv3 -mfloat-abi=hard -nostartfiles -Wall -Wextra"
"Running Make include in ps7_cortexa9_0/libsrc/xadcps_v2_2/src"
make -C ps7_cortexa9_0/libsrc/xadcps_v2_2/src -s include  "SHELL=CMD" "COMPILER=arm-none-eabi-gcc" "ARCHIVER=arm-none-eabi-ar" "COMPILER_FLAGS=  -O2 -c" "EXTRA_COMPILER_FLAGS=-mcpu=cortex-a9 -mfpu=vfpv3 -mfloat-abi=hard -nostartfiles -Wall -Wextra"
"Running Make libs in ps7_cortexa9_0/libsrc/coresightps_dcc_v1_4/src"
make -C ps7_cortexa9_0/libsrc/coresightps_dcc_v1_4/src -s libs  "SHELL=CMD" "COMPILER=arm-none-eabi-gcc" "ARCHIVER=arm-none-eabi-ar" "COMPILER_FLAGS=  -O2 -c" "EXTRA_COMPILER_FLAGS=-mcpu=cortex-a9 -mfpu=vfpv3 -mfloat-abi=hard -nostartfiles -Wall -Wextra"
"Compiling coresightps_dcc"
arm-none-eabi-ar: creating ../../../lib/libxil.a
"Running Make libs in ps7_cortexa9_0/libsrc/cpu_cortexa9_v2_4/src"
make -C ps7_cortexa9_0/libsrc/cpu_cortexa9_v2_4/src -s libs  "SHELL=CMD" "COMPILER=arm-none-eabi-gcc" "ARCHIVER=arm-none-eabi-ar" "COMPILER_FLAGS=  -O2 -c" "EXTRA_COMPILER_FLAGS=-mcpu=cortex-a9 -mfpu=vfpv3 -mfloat-abi=hard -nostartfiles -Wall -Wextra"
"Compiling cpu_cortexa9"
"Running Make libs in ps7_cortexa9_0/libsrc/ddrps_v1_0/src"
make -C ps7_cortexa9_0/libsrc/ddrps_v1_0/src -s libs  "SHELL=CMD" "COMPILER=arm-none-eabi-gcc" "ARCHIVER=arm-none-eabi-ar" "COMPILER_FLAGS=  -O2 -c" "EXTRA_COMPILER_FLAGS=-mcpu=cortex-a9 -mfpu=vfpv3 -mfloat-abi=hard -nostartfiles -Wall -Wextra"
"Compiling ddrps"
"Running Make libs in ps7_cortexa9_0/libsrc/devcfg_v3_4/src"
make -C ps7_cortexa9_0/libsrc/devcfg_v3_4/src -s libs  "SHELL=CMD" "COMPILER=arm-none-eabi-gcc" "ARCHIVER=arm-none-eabi-ar" "COMPILER_FLAGS=  -O2 -c" "EXTRA_COMPILER_FLAGS=-mcpu=cortex-a9 -mfpu=vfpv3 -mfloat-abi=hard -nostartfiles -Wall -Wextra"
"Compiling devcfg"
"Running Make libs in ps7_cortexa9_0/libsrc/dmaps_v2_3/src"
make -C ps7_cortexa9_0/libsrc/dmaps_v2_3/src -s libs  "SHELL=CMD" "COMPILER=arm-none-eabi-gcc" "ARCHIVER=arm-none-eabi-ar" "COMPILER_FLAGS=  -O2 -c" "EXTRA_COMPILER_FLAGS=-mcpu=cortex-a9 -mfpu=vfpv3 -mfloat-abi=hard -nostartfiles -Wall -Wextra"
"Compiling dmaps"
"Running Make libs in ps7_cortexa9_0/libsrc/gpiops_v3_3/src"
make -C ps7_cortexa9_0/libsrc/gpiops_v3_3/src -s libs  "SHELL=CMD" "COMPILER=arm-none-eabi-gcc" "ARCHIVER=arm-none-eabi-ar" "COMPILER_FLAGS=  -O2 -c" "EXTRA_COMPILER_FLAGS=-mcpu=cortex-a9 -mfpu=vfpv3 -mfloat-abi=hard -nostartfiles -Wall -Wextra"
"Compiling gpiops"
"Running Make libs in ps7_cortexa9_0/libsrc/qspips_v3_3/src"
make -C ps7_cortexa9_0/libsrc/qspips_v3_3/src -s libs  "SHELL=CMD" "COMPILER=arm-none-eabi-gcc" "ARCHIVER=arm-none-eabi-ar" "COMPILER_FLAGS=  -O2 -c" "EXTRA_COMPILER_FLAGS=-mcpu=cortex-a9 -mfpu=vfpv3 -mfloat-abi=hard -nostartfiles -Wall -Wextra"
"Compiling qspips"
"Running Make libs in ps7_cortexa9_0/libsrc/scugic_v3_7/src"
make -C ps7_cortexa9_0/libsrc/scugic_v3_7/src -s libs  "SHELL=CMD" "COMPILER=arm-none-eabi-gcc" "ARCHIVER=arm-none-eabi-ar" "COMPILER_FLAGS=  -O2 -c" "EXTRA_COMPILER_FLAGS=-mcpu=cortex-a9 -mfpu=vfpv3 -mfloat-abi=hard -nostartfiles -Wall -Wextra"
"Compiling scugic"
xscugic_g.c:53:2: warning: missing initializer for field 'HandlerTable' of 'XScuGic_Config {aka struct <anonymous>}' [-Wmissing-field-initializers]
  }
  ^
In file included from xscugic_g.c:41:0:
xscugic.h:218:27: note: 'HandlerTable' declared here
  XScuGic_VectorTableEntry HandlerTable[XSCUGIC_MAX_NUM_INTR_INPUTS];/**<
                           ^~~~~~~~~~~~
"Running Make libs in ps7_cortexa9_0/libsrc/scutimer_v2_1/src"
make -C ps7_cortexa9_0/libsrc/scutimer_v2_1/src -s libs  "SHELL=CMD" "COMPILER=arm-none-eabi-gcc" "ARCHIVER=arm-none-eabi-ar" "COMPILER_FLAGS=  -O2 -c" "EXTRA_COMPILER_FLAGS=-mcpu=cortex-a9 -mfpu=vfpv3 -mfloat-abi=hard -nostartfiles -Wall -Wextra"
"Compiling scutimer"
"Running Make libs in ps7_cortexa9_0/libsrc/scuwdt_v2_1/src"
make -C ps7_cortexa9_0/libsrc/scuwdt_v2_1/src -s libs  "SHELL=CMD" "COMPILER=arm-none-eabi-gcc" "ARCHIVER=arm-none-eabi-ar" "COMPILER_FLAGS=  -O2 -c" "EXTRA_COMPILER_FLAGS=-mcpu=cortex-a9 -mfpu=vfpv3 -mfloat-abi=hard -nostartfiles -Wall -Wextra"
"Compiling scuwdt"
"Running Make libs in ps7_cortexa9_0/libsrc/sdps_v3_2/src"
make -C ps7_cortexa9_0/libsrc/sdps_v3_2/src -s libs  "SHELL=CMD" "COMPILER=arm-none-eabi-gcc" "ARCHIVER=arm-none-eabi-ar" "COMPILER_FLAGS=  -O2 -c" "EXTRA_COMPILER_FLAGS=-mcpu=cortex-a9 -mfpu=vfpv3 -mfloat-abi=hard -nostartfiles -Wall -Wextra"
"Compiling sdps"
"Running Make libs in ps7_cortexa9_0/libsrc/standalone_v6_3/src"
make -C ps7_cortexa9_0/libsrc/standalone_v6_3/src -s libs  "SHELL=CMD" "COMPILER=arm-none-eabi-gcc" "ARCHIVER=arm-none-eabi-ar" "COMPILER_FLAGS=  -O2 -c" "EXTRA_COMPILER_FLAGS=-mcpu=cortex-a9 -mfpu=vfpv3 -mfloat-abi=hard -nostartfiles -Wall -Wextra"
"Compiling standalone"
"Running Make libs in ps7_cortexa9_0/libsrc/testFlow_v1_11/src"
make -C ps7_cortexa9_0/libsrc/testFlow_v1_11/src -s libs  "SHELL=CMD" "COMPILER=arm-none-eabi-gcc" "ARCHIVER=arm-none-eabi-ar" "COMPILER_FLAGS=  -O2 -c" "EXTRA_COMPILER_FLAGS=-mcpu=cortex-a9 -mfpu=vfpv3 -mfloat-abi=hard -nostartfiles -Wall -Wextra"
"Compiling testFlow"
"Running Make libs in ps7_cortexa9_0/libsrc/ttcps_v3_3/src"
make -C ps7_cortexa9_0/libsrc/ttcps_v3_3/src -s libs  "SHELL=CMD" "COMPILER=arm-none-eabi-gcc" "ARCHIVER=arm-none-eabi-ar" "COMPILER_FLAGS=  -O2 -c" "EXTRA_COMPILER_FLAGS=-mcpu=cortex-a9 -mfpu=vfpv3 -mfloat-abi=hard -nostartfiles -Wall -Wextra"
"Compiling ttcps"
"Running Make libs in ps7_cortexa9_0/libsrc/uartps_v3_4/src"
make -C ps7_cortexa9_0/libsrc/uartps_v3_4/src -s libs  "SHELL=CMD" "COMPILER=arm-none-eabi-gcc" "ARCHIVER=arm-none-eabi-ar" "COMPILER_FLAGS=  -O2 -c" "EXTRA_COMPILER_FLAGS=-mcpu=cortex-a9 -mfpu=vfpv3 -mfloat-abi=hard -nostartfiles -Wall -Wextra"
"Compiling uartps"
"Running Make libs in ps7_cortexa9_0/libsrc/usbps_v2_4/src"
make -C ps7_cortexa9_0/libsrc/usbps_v2_4/src -s libs  "SHELL=CMD" "COMPILER=arm-none-eabi-gcc" "ARCHIVER=arm-none-eabi-ar" "COMPILER_FLAGS=  -O2 -c" "EXTRA_COMPILER_FLAGS=-mcpu=cortex-a9 -mfpu=vfpv3 -mfloat-abi=hard -nostartfiles -Wall -Wextra"
"Compiling usbps"
"Running Make libs in ps7_cortexa9_0/libsrc/xadcps_v2_2/src"
make -C ps7_cortexa9_0/libsrc/xadcps_v2_2/src -s libs  "SHELL=CMD" "COMPILER=arm-none-eabi-gcc" "ARCHIVER=arm-none-eabi-ar" "COMPILER_FLAGS=  -O2 -c" "EXTRA_COMPILER_FLAGS=-mcpu=cortex-a9 -mfpu=vfpv3 -mfloat-abi=hard -nostartfiles -Wall -Wextra"
"Compiling xadcps"
'Finished building libraries'
15:47:19 **** Build of configuration Debug for project cannyProjectSdk ****
make pre-build main-build 
a9-linaro-pre-build-step
' '
'Building file: ../src/main.cc'
'Invoking: ARM v7 g++ compiler'
arm-none-eabi-g++ -Wall -O0 -g3 -c -fmessage-length=0 -MT"src/main.o" -mcpu=cortex-a9 -mfpu=vfpv3 -mfloat-abi=hard -I../../cannyProjectSdk_bsp/ps7_cortexa9_0/include -MMD -MP -MF"src/main.d" -MT"src/main.o" -o "src/main.o" "../src/main.cc"
'Finished building: ../src/main.cc'
' '
'Building target: cannyProjectSdk.elf'
'Invoking: ARM v7 g++ linker'
arm-none-eabi-g++ -mcpu=cortex-a9 -mfpu=vfpv3 -mfloat-abi=hard -Wl,-build-id=none -specs=Xilinx.spec -Wl,-T -Wl,../src/lscript.ld -L../../cannyProjectSdk_bsp/ps7_cortexa9_0/lib -o "cannyProjectSdk.elf"  ./src/main.o   -Wl,--start-group,-lxil,-lgcc,-lc,-lstdc++,--end-group
'Finished building target: cannyProjectSdk.elf'
' '
'Invoking: ARM v7 Print Size'
arm-none-eabi-size cannyProjectSdk.elf  |tee "cannyProjectSdk.elf.size"
   text	   data	    bss	    dec	    hex	filename
  19056	   1148	  22576	  42780	   a71c	cannyProjectSdk.elf
'Finished building: cannyProjectSdk.elf.size'
' '
15:47:25 **** Auto Build of project cannyProjectSdk_bsp ****
make -k all 
"Running Make include in ps7_cortexa9_0/libsrc/coresightps_dcc_v1_4/src"
make -C ps7_cortexa9_0/libsrc/coresightps_dcc_v1_4/src -s include  "SHELL=CMD" "COMPILER=arm-none-eabi-gcc" "ARCHIVER=arm-none-eabi-ar" "COMPILER_FLAGS=  -O2 -c" "EXTRA_COMPILER_FLAGS=-mcpu=cortex-a9 -mfpu=vfpv3 -mfloat-abi=hard -nostartfiles -Wall -Wextra"
"Running Make include in ps7_cortexa9_0/libsrc/cpu_cortexa9_v2_4/src"
make -C ps7_cortexa9_0/libsrc/cpu_cortexa9_v2_4/src -s include  "SHELL=CMD" "COMPILER=arm-none-eabi-gcc" "ARCHIVER=arm-none-eabi-ar" "COMPILER_FLAGS=  -O2 -c" "EXTRA_COMPILER_FLAGS=-mcpu=cortex-a9 -mfpu=vfpv3 -mfloat-abi=hard -nostartfiles -Wall -Wextra"
"Running Make include in ps7_cortexa9_0/libsrc/ddrps_v1_0/src"
make -C ps7_cortexa9_0/libsrc/ddrps_v1_0/src -s include  "SHELL=CMD" "COMPILER=arm-none-eabi-gcc" "ARCHIVER=arm-none-eabi-ar" "COMPILER_FLAGS=  -O2 -c" "EXTRA_COMPILER_FLAGS=-mcpu=cortex-a9 -mfpu=vfpv3 -mfloat-abi=hard -nostartfiles -Wall -Wextra"
"Running Make include in ps7_cortexa9_0/libsrc/devcfg_v3_4/src"
make -C ps7_cortexa9_0/libsrc/devcfg_v3_4/src -s include  "SHELL=CMD" "COMPILER=arm-none-eabi-gcc" "ARCHIVER=arm-none-eabi-ar" "COMPILER_FLAGS=  -O2 -c" "EXTRA_COMPILER_FLAGS=-mcpu=cortex-a9 -mfpu=vfpv3 -mfloat-abi=hard -nostartfiles -Wall -Wextra"
"Running Make include in ps7_cortexa9_0/libsrc/dmaps_v2_3/src"
make -C ps7_cortexa9_0/libsrc/dmaps_v2_3/src -s include  "SHELL=CMD" "COMPILER=arm-none-eabi-gcc" "ARCHIVER=arm-none-eabi-ar" "COMPILER_FLAGS=  -O2 -c" "EXTRA_COMPILER_FLAGS=-mcpu=cortex-a9 -mfpu=vfpv3 -mfloat-abi=hard -nostartfiles -Wall -Wextra"
"Running Make include in ps7_cortexa9_0/libsrc/gpiops_v3_3/src"
make -C ps7_cortexa9_0/libsrc/gpiops_v3_3/src -s include  "SHELL=CMD" "COMPILER=arm-none-eabi-gcc" "ARCHIVER=arm-none-eabi-ar" "COMPILER_FLAGS=  -O2 -c" "EXTRA_COMPILER_FLAGS=-mcpu=cortex-a9 -mfpu=vfpv3 -mfloat-abi=hard -nostartfiles -Wall -Wextra"
"Running Make include in ps7_cortexa9_0/libsrc/qspips_v3_3/src"
make -C ps7_cortexa9_0/libsrc/qspips_v3_3/src -s include  "SHELL=CMD" "COMPILER=arm-none-eabi-gcc" "ARCHIVER=arm-none-eabi-ar" "COMPILER_FLAGS=  -O2 -c" "EXTRA_COMPILER_FLAGS=-mcpu=cortex-a9 -mfpu=vfpv3 -mfloat-abi=hard -nostartfiles -Wall -Wextra"
"Running Make include in ps7_cortexa9_0/libsrc/scugic_v3_7/src"
make -C ps7_cortexa9_0/libsrc/scugic_v3_7/src -s include  "SHELL=CMD" "COMPILER=arm-none-eabi-gcc" "ARCHIVER=arm-none-eabi-ar" "COMPILER_FLAGS=  -O2 -c" "EXTRA_COMPILER_FLAGS=-mcpu=cortex-a9 -mfpu=vfpv3 -mfloat-abi=hard -nostartfiles -Wall -Wextra"
"Running Make include in ps7_cortexa9_0/libsrc/scutimer_v2_1/src"
make -C ps7_cortexa9_0/libsrc/scutimer_v2_1/src -s include  "SHELL=CMD" "COMPILER=arm-none-eabi-gcc" "ARCHIVER=arm-none-eabi-ar" "COMPILER_FLAGS=  -O2 -c" "EXTRA_COMPILER_FLAGS=-mcpu=cortex-a9 -mfpu=vfpv3 -mfloat-abi=hard -nostartfiles -Wall -Wextra"
"Running Make include in ps7_cortexa9_0/libsrc/scuwdt_v2_1/src"
make -C ps7_cortexa9_0/libsrc/scuwdt_v2_1/src -s include  "SHELL=CMD" "COMPILER=arm-none-eabi-gcc" "ARCHIVER=arm-none-eabi-ar" "COMPILER_FLAGS=  -O2 -c" "EXTRA_COMPILER_FLAGS=-mcpu=cortex-a9 -mfpu=vfpv3 -mfloat-abi=hard -nostartfiles -Wall -Wextra"
"Running Make include in ps7_cortexa9_0/libsrc/sdps_v3_2/src"
make -C ps7_cortexa9_0/libsrc/sdps_v3_2/src -s include  "SHELL=CMD" "COMPILER=arm-none-eabi-gcc" "ARCHIVER=arm-none-eabi-ar" "COMPILER_FLAGS=  -O2 -c" "EXTRA_COMPILER_FLAGS=-mcpu=cortex-a9 -mfpu=vfpv3 -mfloat-abi=hard -nostartfiles -Wall -Wextra"
"Running Make include in ps7_cortexa9_0/libsrc/standalone_v6_3/src"
make -C ps7_cortexa9_0/libsrc/standalone_v6_3/src -s include  "SHELL=CMD" "COMPILER=arm-none-eabi-gcc" "ARCHIVER=arm-none-eabi-ar" "COMPILER_FLAGS=  -O2 -c" "EXTRA_COMPILER_FLAGS=-mcpu=cortex-a9 -mfpu=vfpv3 -mfloat-abi=hard -nostartfiles -Wall -Wextra"
"Running Make include in ps7_cortexa9_0/libsrc/testFlow_v1_11/src"
make -C ps7_cortexa9_0/libsrc/testFlow_v1_11/src -s include  "SHELL=CMD" "COMPILER=arm-none-eabi-gcc" "ARCHIVER=arm-none-eabi-ar" "COMPILER_FLAGS=  -O2 -c" "EXTRA_COMPILER_FLAGS=-mcpu=cortex-a9 -mfpu=vfpv3 -mfloat-abi=hard -nostartfiles -Wall -Wextra"
"Running Make include in ps7_cortexa9_0/libsrc/ttcps_v3_3/src"
make -C ps7_cortexa9_0/libsrc/ttcps_v3_3/src -s include  "SHELL=CMD" "COMPILER=arm-none-eabi-gcc" "ARCHIVER=arm-none-eabi-ar" "COMPILER_FLAGS=  -O2 -c" "EXTRA_COMPILER_FLAGS=-mcpu=cortex-a9 -mfpu=vfpv3 -mfloat-abi=hard -nostartfiles -Wall -Wextra"
"Running Make include in ps7_cortexa9_0/libsrc/uartps_v3_4/src"
make -C ps7_cortexa9_0/libsrc/uartps_v3_4/src -s include  "SHELL=CMD" "COMPILER=arm-none-eabi-gcc" "ARCHIVER=arm-none-eabi-ar" "COMPILER_FLAGS=  -O2 -c" "EXTRA_COMPILER_FLAGS=-mcpu=cortex-a9 -mfpu=vfpv3 -mfloat-abi=hard -nostartfiles -Wall -Wextra"
"Running Make include in ps7_cortexa9_0/libsrc/usbps_v2_4/src"
make -C ps7_cortexa9_0/libsrc/usbps_v2_4/src -s include  "SHELL=CMD" "COMPILER=arm-none-eabi-gcc" "ARCHIVER=arm-none-eabi-ar" "COMPILER_FLAGS=  -O2 -c" "EXTRA_COMPILER_FLAGS=-mcpu=cortex-a9 -mfpu=vfpv3 -mfloat-abi=hard -nostartfiles -Wall -Wextra"
"Running Make include in ps7_cortexa9_0/libsrc/xadcps_v2_2/src"
make -C ps7_cortexa9_0/libsrc/xadcps_v2_2/src -s include  "SHELL=CMD" "COMPILER=arm-none-eabi-gcc" "ARCHIVER=arm-none-eabi-ar" "COMPILER_FLAGS=  -O2 -c" "EXTRA_COMPILER_FLAGS=-mcpu=cortex-a9 -mfpu=vfpv3 -mfloat-abi=hard -nostartfiles -Wall -Wextra"
"Running Make include in ps7_cortexa9_0/libsrc/xilffs_v3_6/src"
make -C ps7_cortexa9_0/libsrc/xilffs_v3_6/src -s include  "SHELL=CMD" "COMPILER=arm-none-eabi-gcc" "ARCHIVER=arm-none-eabi-ar" "COMPILER_FLAGS=  -O2 -c" "EXTRA_COMPILER_FLAGS=-mcpu=cortex-a9 -mfpu=vfpv3 -mfloat-abi=hard -nostartfiles -Wall -Wextra"
"Running Make libs in ps7_cortexa9_0/libsrc/coresightps_dcc_v1_4/src"
make -C ps7_cortexa9_0/libsrc/coresightps_dcc_v1_4/src -s libs  "SHELL=CMD" "COMPILER=arm-none-eabi-gcc" "ARCHIVER=arm-none-eabi-ar" "COMPILER_FLAGS=  -O2 -c" "EXTRA_COMPILER_FLAGS=-mcpu=cortex-a9 -mfpu=vfpv3 -mfloat-abi=hard -nostartfiles -Wall -Wextra"
"Compiling coresightps_dcc"
arm-none-eabi-ar: creating ../../../lib/libxil.a
"Running Make libs in ps7_cortexa9_0/libsrc/cpu_cortexa9_v2_4/src"
make -C ps7_cortexa9_0/libsrc/cpu_cortexa9_v2_4/src -s libs  "SHELL=CMD" "COMPILER=arm-none-eabi-gcc" "ARCHIVER=arm-none-eabi-ar" "COMPILER_FLAGS=  -O2 -c" "EXTRA_COMPILER_FLAGS=-mcpu=cortex-a9 -mfpu=vfpv3 -mfloat-abi=hard -nostartfiles -Wall -Wextra"
"Compiling cpu_cortexa9"
"Running Make libs in ps7_cortexa9_0/libsrc/ddrps_v1_0/src"
make -C ps7_cortexa9_0/libsrc/ddrps_v1_0/src -s libs  "SHELL=CMD" "COMPILER=arm-none-eabi-gcc" "ARCHIVER=arm-none-eabi-ar" "COMPILER_FLAGS=  -O2 -c" "EXTRA_COMPILER_FLAGS=-mcpu=cortex-a9 -mfpu=vfpv3 -mfloat-abi=hard -nostartfiles -Wall -Wextra"
"Compiling ddrps"
"Running Make libs in ps7_cortexa9_0/libsrc/devcfg_v3_4/src"
make -C ps7_cortexa9_0/libsrc/devcfg_v3_4/src -s libs  "SHELL=CMD" "COMPILER=arm-none-eabi-gcc" "ARCHIVER=arm-none-eabi-ar" "COMPILER_FLAGS=  -O2 -c" "EXTRA_COMPILER_FLAGS=-mcpu=cortex-a9 -mfpu=vfpv3 -mfloat-abi=hard -nostartfiles -Wall -Wextra"
"Compiling devcfg"
"Running Make libs in ps7_cortexa9_0/libsrc/dmaps_v2_3/src"
make -C ps7_cortexa9_0/libsrc/dmaps_v2_3/src -s libs  "SHELL=CMD" "COMPILER=arm-none-eabi-gcc" "ARCHIVER=arm-none-eabi-ar" "COMPILER_FLAGS=  -O2 -c" "EXTRA_COMPILER_FLAGS=-mcpu=cortex-a9 -mfpu=vfpv3 -mfloat-abi=hard -nostartfiles -Wall -Wextra"
"Compiling dmaps"
"Running Make libs in ps7_cortexa9_0/libsrc/gpiops_v3_3/src"
make -C ps7_cortexa9_0/libsrc/gpiops_v3_3/src -s libs  "SHELL=CMD" "COMPILER=arm-none-eabi-gcc" "ARCHIVER=arm-none-eabi-ar" "COMPILER_FLAGS=  -O2 -c" "EXTRA_COMPILER_FLAGS=-mcpu=cortex-a9 -mfpu=vfpv3 -mfloat-abi=hard -nostartfiles -Wall -Wextra"
"Compiling gpiops"
"Running Make libs in ps7_cortexa9_0/libsrc/qspips_v3_3/src"
make -C ps7_cortexa9_0/libsrc/qspips_v3_3/src -s libs  "SHELL=CMD" "COMPILER=arm-none-eabi-gcc" "ARCHIVER=arm-none-eabi-ar" "COMPILER_FLAGS=  -O2 -c" "EXTRA_COMPILER_FLAGS=-mcpu=cortex-a9 -mfpu=vfpv3 -mfloat-abi=hard -nostartfiles -Wall -Wextra"
"Compiling qspips"
"Running Make libs in ps7_cortexa9_0/libsrc/scugic_v3_7/src"
make -C ps7_cortexa9_0/libsrc/scugic_v3_7/src -s libs  "SHELL=CMD" "COMPILER=arm-none-eabi-gcc" "ARCHIVER=arm-none-eabi-ar" "COMPILER_FLAGS=  -O2 -c" "EXTRA_COMPILER_FLAGS=-mcpu=cortex-a9 -mfpu=vfpv3 -mfloat-abi=hard -nostartfiles -Wall -Wextra"
"Compiling scugic"
xscugic_g.c:53:2: warning: missing initializer for field 'HandlerTable' of 'XScuGic_Config {aka struct <anonymous>}' [-Wmissing-field-initializers]
  }
  ^
In file included from xscugic_g.c:41:0:
xscugic.h:218:27: note: 'HandlerTable' declared here
  XScuGic_VectorTableEntry HandlerTable[XSCUGIC_MAX_NUM_INTR_INPUTS];/**<
                           ^~~~~~~~~~~~
"Running Make libs in ps7_cortexa9_0/libsrc/scutimer_v2_1/src"
make -C ps7_cortexa9_0/libsrc/scutimer_v2_1/src -s libs  "SHELL=CMD" "COMPILER=arm-none-eabi-gcc" "ARCHIVER=arm-none-eabi-ar" "COMPILER_FLAGS=  -O2 -c" "EXTRA_COMPILER_FLAGS=-mcpu=cortex-a9 -mfpu=vfpv3 -mfloat-abi=hard -nostartfiles -Wall -Wextra"
"Compiling scutimer"
"Running Make libs in ps7_cortexa9_0/libsrc/scuwdt_v2_1/src"
make -C ps7_cortexa9_0/libsrc/scuwdt_v2_1/src -s libs  "SHELL=CMD" "COMPILER=arm-none-eabi-gcc" "ARCHIVER=arm-none-eabi-ar" "COMPILER_FLAGS=  -O2 -c" "EXTRA_COMPILER_FLAGS=-mcpu=cortex-a9 -mfpu=vfpv3 -mfloat-abi=hard -nostartfiles -Wall -Wextra"
"Compiling scuwdt"
"Running Make libs in ps7_cortexa9_0/libsrc/sdps_v3_2/src"
make -C ps7_cortexa9_0/libsrc/sdps_v3_2/src -s libs  "SHELL=CMD" "COMPILER=arm-none-eabi-gcc" "ARCHIVER=arm-none-eabi-ar" "COMPILER_FLAGS=  -O2 -c" "EXTRA_COMPILER_FLAGS=-mcpu=cortex-a9 -mfpu=vfpv3 -mfloat-abi=hard -nostartfiles -Wall -Wextra"
"Compiling sdps"
"Running Make libs in ps7_cortexa9_0/libsrc/standalone_v6_3/src"
make -C ps7_cortexa9_0/libsrc/standalone_v6_3/src -s libs  "SHELL=CMD" "COMPILER=arm-none-eabi-gcc" "ARCHIVER=arm-none-eabi-ar" "COMPILER_FLAGS=  -O2 -c" "EXTRA_COMPILER_FLAGS=-mcpu=cortex-a9 -mfpu=vfpv3 -mfloat-abi=hard -nostartfiles -Wall -Wextra"
"Compiling standalone"
"Running Make libs in ps7_cortexa9_0/libsrc/testFlow_v1_11/src"
make -C ps7_cortexa9_0/libsrc/testFlow_v1_11/src -s libs  "SHELL=CMD" "COMPILER=arm-none-eabi-gcc" "ARCHIVER=arm-none-eabi-ar" "COMPILER_FLAGS=  -O2 -c" "EXTRA_COMPILER_FLAGS=-mcpu=cortex-a9 -mfpu=vfpv3 -mfloat-abi=hard -nostartfiles -Wall -Wextra"
"Compiling testFlow"
"Running Make libs in ps7_cortexa9_0/libsrc/ttcps_v3_3/src"
make -C ps7_cortexa9_0/libsrc/ttcps_v3_3/src -s libs  "SHELL=CMD" "COMPILER=arm-none-eabi-gcc" "ARCHIVER=arm-none-eabi-ar" "COMPILER_FLAGS=  -O2 -c" "EXTRA_COMPILER_FLAGS=-mcpu=cortex-a9 -mfpu=vfpv3 -mfloat-abi=hard -nostartfiles -Wall -Wextra"
"Compiling ttcps"
"Running Make libs in ps7_cortexa9_0/libsrc/uartps_v3_4/src"
make -C ps7_cortexa9_0/libsrc/uartps_v3_4/src -s libs  "SHELL=CMD" "COMPILER=arm-none-eabi-gcc" "ARCHIVER=arm-none-eabi-ar" "COMPILER_FLAGS=  -O2 -c" "EXTRA_COMPILER_FLAGS=-mcpu=cortex-a9 -mfpu=vfpv3 -mfloat-abi=hard -nostartfiles -Wall -Wextra"
"Compiling uartps"
"Running Make libs in ps7_cortexa9_0/libsrc/usbps_v2_4/src"
make -C ps7_cortexa9_0/libsrc/usbps_v2_4/src -s libs  "SHELL=CMD" "COMPILER=arm-none-eabi-gcc" "ARCHIVER=arm-none-eabi-ar" "COMPILER_FLAGS=  -O2 -c" "EXTRA_COMPILER_FLAGS=-mcpu=cortex-a9 -mfpu=vfpv3 -mfloat-abi=hard -nostartfiles -Wall -Wextra"
"Compiling usbps"
"Running Make libs in ps7_cortexa9_0/libsrc/xadcps_v2_2/src"
make -C ps7_cortexa9_0/libsrc/xadcps_v2_2/src -s libs  "SHELL=CMD" "COMPILER=arm-none-eabi-gcc" "ARCHIVER=arm-none-eabi-ar" "COMPILER_FLAGS=  -O2 -c" "EXTRA_COMPILER_FLAGS=-mcpu=cortex-a9 -mfpu=vfpv3 -mfloat-abi=hard -nostartfiles -Wall -Wextra"
"Compiling xadcps"
"Running Make libs in ps7_cortexa9_0/libsrc/xilffs_v3_6/src"
make -C ps7_cortexa9_0/libsrc/xilffs_v3_6/src -s libs  "SHELL=CMD" "COMPILER=arm-none-eabi-gcc" "ARCHIVER=arm-none-eabi-ar" "COMPILER_FLAGS=  -O2 -c" "EXTRA_COMPILER_FLAGS=-mcpu=cortex-a9 -mfpu=vfpv3 -mfloat-abi=hard -nostartfiles -Wall -Wextra"
"Compiling XilFFs Library"
diskio.c:135:11: warning: 'ExtCsd' defined but not used [-Wunused-variable]
 static u8 ExtCsd[512] __attribute__ ((aligned(32)));
           ^~~~~~
ff.c: In function 'find_volume':
ff.c:2610:4: warning: dereferencing type-punned pointer will break strict-aliasing rules [-Wstrict-aliasing]
    && (LD_DWORD(fs->win+FSI_LeadSig) == 0x41615252U)
    ^~
'Finished building libraries'
15:47:49 **** Auto Build of configuration Debug for project cannyProjectSdk ****
make pre-build main-build 
a9-linaro-pre-build-step
' '
make: Nothing to be done for `main-build'.
15:47:56 **** Clean-only build of configuration Debug for project cannyProjectSdk ****
make clean 
rm -rf  ./src/main.d  ./src/main.o  cannyProjectSdk.elf.size  cannyProjectSdk.elf
' '
15:47:57 **** Auto Build of configuration Debug for project cannyProjectSdk ****
make pre-build main-build 
a9-linaro-pre-build-step
' '
'Building file: ../src/main.cc'
'Invoking: ARM v7 g++ compiler'
arm-none-eabi-g++ -Wall -O0 -g3 -c -fmessage-length=0 -MT"src/main.o" -mcpu=cortex-a9 -mfpu=vfpv3 -mfloat-abi=hard -I../../cannyProjectSdk_bsp/ps7_cortexa9_0/include -MMD -MP -MF"src/main.d" -MT"src/main.o" -o "src/main.o" "../src/main.cc"
'Finished building: ../src/main.cc'
' '
'Building target: cannyProjectSdk.elf'
'Invoking: ARM v7 g++ linker'
arm-none-eabi-g++ -mcpu=cortex-a9 -mfpu=vfpv3 -mfloat-abi=hard -Wl,-build-id=none -specs=Xilinx.spec -Wl,-T -Wl,../src/lscript.ld -L../../cannyProjectSdk_bsp/ps7_cortexa9_0/lib -o "cannyProjectSdk.elf"  ./src/main.o   -Wl,--start-group,-lxilffs,-lxil,-lgcc,-lc,--end-group -Wl,--start-group,-lxil,-lgcc,-lc,-lstdc++,--end-group
'Finished building target: cannyProjectSdk.elf'
' '
'Invoking: ARM v7 Print Size'
arm-none-eabi-size cannyProjectSdk.elf  |tee "cannyProjectSdk.elf.size"
   text	   data	    bss	    dec	    hex	filename
  19056	   1148	  22576	  42780	   a71c	cannyProjectSdk.elf
'Finished building: cannyProjectSdk.elf.size'
' '
15:47:58 **** Clean-only build of configuration Debug for project cannyProjectSdk ****
make clean 
rm -rf  ./src/main.d  ./src/main.o  cannyProjectSdk.elf.size  cannyProjectSdk.elf
' '
15:47:58 **** Auto Build of configuration Debug for project cannyProjectSdk ****
make pre-build main-build 
a9-linaro-pre-build-step
' '
'Building file: ../src/main.cc'
'Invoking: ARM v7 g++ compiler'
arm-none-eabi-g++ -Wall -O0 -g3 -c -fmessage-length=0 -MT"src/main.o" -mcpu=cortex-a9 -mfpu=vfpv3 -mfloat-abi=hard -I../../cannyProjectSdk_bsp/ps7_cortexa9_0/include -MMD -MP -MF"src/main.d" -MT"src/main.o" -o "src/main.o" "../src/main.cc"
'Finished building: ../src/main.cc'
' '
'Building target: cannyProjectSdk.elf'
'Invoking: ARM v7 g++ linker'
arm-none-eabi-g++ -mcpu=cortex-a9 -mfpu=vfpv3 -mfloat-abi=hard -Wl,-build-id=none -specs=Xilinx.spec -Wl,-T -Wl,../src/lscript.ld -L../../cannyProjectSdk_bsp/ps7_cortexa9_0/lib -o "cannyProjectSdk.elf"  ./src/main.o   -Wl,--start-group,-lxilffs,-lxil,-lgcc,-lc,--end-group -Wl,--start-group,-lxil,-lgcc,-lc,-lstdc++,--end-group
'Finished building target: cannyProjectSdk.elf'
' '
'Invoking: ARM v7 Print Size'
arm-none-eabi-size cannyProjectSdk.elf  |tee "cannyProjectSdk.elf.size"
   text	   data	    bss	    dec	    hex	filename
  19056	   1148	  22576	  42780	   a71c	cannyProjectSdk.elf
'Finished building: cannyProjectSdk.elf.size'
' '
15:49:08 **** Auto Build of configuration Debug for project cannyProjectSdk ****
make pre-build main-build 
a9-linaro-pre-build-step
' '
'Building file: ../src/FileSDCard.cpp'
'Invoking: ARM v7 g++ compiler'
arm-none-eabi-g++ -Wall -O0 -g3 -c -fmessage-length=0 -MT"src/FileSDCard.o" -mcpu=cortex-a9 -mfpu=vfpv3 -mfloat-abi=hard -I../../cannyProjectSdk_bsp/ps7_cortexa9_0/include -MMD -MP -MF"src/FileSDCard.d" -MT"src/FileSDCard.o" -o "src/FileSDCard.o" "../src/FileSDCard.cpp"
'Finished building: ../src/FileSDCard.cpp'
' '
'Building target: cannyProjectSdk.elf'
'Invoking: ARM v7 g++ linker'
arm-none-eabi-g++ -mcpu=cortex-a9 -mfpu=vfpv3 -mfloat-abi=hard -Wl,-build-id=none -specs=Xilinx.spec -Wl,-T -Wl,../src/lscript.ld -L../../cannyProjectSdk_bsp/ps7_cortexa9_0/lib -o "cannyProjectSdk.elf"  ./src/FileSDCard.o ./src/main.o   -Wl,--start-group,-lxilffs,-lxil,-lgcc,-lc,--end-group -Wl,--start-group,-lxil,-lgcc,-lc,-lstdc++,--end-group
'Finished building target: cannyProjectSdk.elf'
' '
'Invoking: ARM v7 Print Size'
arm-none-eabi-size cannyProjectSdk.elf  |tee "cannyProjectSdk.elf.size"
   text	   data	    bss	    dec	    hex	filename
  57392	   2228	  24560	  84180	  148d4	cannyProjectSdk.elf
'Finished building: cannyProjectSdk.elf.size'
' '
15:49:31 **** Incremental Build of configuration Debug for project cannyProjectSdk ****
make pre-build main-build 
a9-linaro-pre-build-step
' '
make: Nothing to be done for `main-build'.
15:50:08 **** Incremental Build of configuration Debug for project cannyProjectSdk ****
make pre-build main-build 
a9-linaro-pre-build-step
' '
make: Nothing to be done for `main-build'.
15:51:15 **** Incremental Build of configuration Debug for project cannyProjectSdk ****
make pre-build main-build 
a9-linaro-pre-build-step
' '
make: Nothing to be done for `main-build'.
15:51:59 **** Auto Build of configuration Debug for project cannyProjectSdk ****
make pre-build main-build 
a9-linaro-pre-build-step
' '
'Building file: ../src/platform.c'
'Invoking: ARM v7 g++ compiler'
arm-none-eabi-g++ -Wall -O0 -g3 -c -fmessage-length=0 -MT"src/platform.o" -mcpu=cortex-a9 -mfpu=vfpv3 -mfloat-abi=hard -I../../cannyProjectSdk_bsp/ps7_cortexa9_0/include -MMD -MP -MF"src/platform.d" -MT"src/platform.o" -o "src/platform.o" "../src/platform.c"
'Finished building: ../src/platform.c'
' '
'Building target: cannyProjectSdk.elf'
'Invoking: ARM v7 g++ linker'
arm-none-eabi-g++ -mcpu=cortex-a9 -mfpu=vfpv3 -mfloat-abi=hard -Wl,-build-id=none -specs=Xilinx.spec -Wl,-T -Wl,../src/lscript.ld -L../../cannyProjectSdk_bsp/ps7_cortexa9_0/lib -o "cannyProjectSdk.elf"  ./src/FileSDCard.o ./src/main.o ./src/platform.o   -Wl,--start-group,-lxilffs,-lxil,-lgcc,-lc,--end-group -Wl,--start-group,-lxil,-lgcc,-lc,-lstdc++,--end-group
'Finished building target: cannyProjectSdk.elf'
' '
'Invoking: ARM v7 Print Size'
arm-none-eabi-size cannyProjectSdk.elf  |tee "cannyProjectSdk.elf.size"
   text	   data	    bss	    dec	    hex	filename
  57520	   2228	  24560	  84308	  14954	cannyProjectSdk.elf
'Finished building: cannyProjectSdk.elf.size'
' '
15:52:38 **** Incremental Build of configuration Debug for project cannyProjectSdk ****
make pre-build main-build 
a9-linaro-pre-build-step
' '
make: Nothing to be done for `main-build'.
15:54:38 **** Incremental Build of configuration Debug for project cannyProjectSdk ****
make pre-build main-build 
a9-linaro-pre-build-step
' '
make: Nothing to be done for `main-build'.
15:54:57 **** Incremental Build of configuration Debug for project cannyProjectSdk ****
make pre-build main-build 
a9-linaro-pre-build-step
' '
make: Nothing to be done for `main-build'.
15:55:41 **** Auto Build of configuration Debug for project cannyProjectSdk ****
make pre-build main-build 
a9-linaro-pre-build-step
' '
'Building file: ../src/main.cc'
'Invoking: ARM v7 g++ compiler'
arm-none-eabi-g++ -Wall -O0 -g3 -c -fmessage-length=0 -MT"src/main.o" -mcpu=cortex-a9 -mfpu=vfpv3 -mfloat-abi=hard -I../../cannyProjectSdk_bsp/ps7_cortexa9_0/include -MMD -MP -MF"src/main.d" -MT"src/main.o" -o "src/main.o" "../src/main.cc"
'Finished building: ../src/main.cc'
' '
'Building target: cannyProjectSdk.elf'
'Invoking: ARM v7 g++ linker'
arm-none-eabi-g++ -mcpu=cortex-a9 -mfpu=vfpv3 -mfloat-abi=hard -Wl,-build-id=none -specs=Xilinx.spec -Wl,-T -Wl,../src/lscript.ld -L../../cannyProjectSdk_bsp/ps7_cortexa9_0/lib -o "cannyProjectSdk.elf"  ./src/FileSDCard.o ./src/main.o ./src/platform.o   -Wl,--start-group,-lxilffs,-lxil,-lgcc,-lc,--end-group -Wl,--start-group,-lxil,-lgcc,-lc,-lstdc++,--end-group
./src/main.o: In function `main':
C:\Users\mathi\Desktop\Kandidat\Embedded\Project\cannyProjectFolder\cannyproject\cannyproject.sdk\cannyProjectSdk\Debug/../src/main.cc:28: undefined reference to `TestFileSDCard()'
collect2.exe: error: ld returned 1 exit status
make: *** [cannyProjectSdk.elf] Error 1
15:56:19 **** Auto Build of configuration Debug for project cannyProjectSdk ****
make pre-build main-build 
a9-linaro-pre-build-step
' '
'Building file: ../src/TestFileSDCard.cpp'
'Invoking: ARM v7 g++ compiler'
arm-none-eabi-g++ -Wall -O0 -g3 -c -fmessage-length=0 -MT"src/TestFileSDCard.o" -mcpu=cortex-a9 -mfpu=vfpv3 -mfloat-abi=hard -I../../cannyProjectSdk_bsp/ps7_cortexa9_0/include -MMD -MP -MF"src/TestFileSDCard.d" -MT"src/TestFileSDCard.o" -o "src/TestFileSDCard.o" "../src/TestFileSDCard.cpp"
'Finished building: ../src/TestFileSDCard.cpp'
' '
'Building target: cannyProjectSdk.elf'
'Invoking: ARM v7 g++ linker'
arm-none-eabi-g++ -mcpu=cortex-a9 -mfpu=vfpv3 -mfloat-abi=hard -Wl,-build-id=none -specs=Xilinx.spec -Wl,-T -Wl,../src/lscript.ld -L../../cannyProjectSdk_bsp/ps7_cortexa9_0/lib -o "cannyProjectSdk.elf"  ./src/FileSDCard.o ./src/TestFileSDCard.o ./src/main.o ./src/platform.o   -Wl,--start-group,-lxilffs,-lxil,-lgcc,-lc,--end-group -Wl,--start-group,-lxil,-lgcc,-lc,-lstdc++,--end-group
'Finished building target: cannyProjectSdk.elf'
' '
'Invoking: ARM v7 Print Size'
arm-none-eabi-size cannyProjectSdk.elf  |tee "cannyProjectSdk.elf.size"
   text	   data	    bss	    dec	    hex	filename
 105408	   3032	  25776	 134216	  20c48	cannyProjectSdk.elf
'Finished building: cannyProjectSdk.elf.size'
' '
15:56:30 **** Incremental Build of configuration Debug for project cannyProjectSdk ****
make pre-build main-build 
a9-linaro-pre-build-step
' '
make: Nothing to be done for `main-build'.
15:56:48 **** Incremental Build of configuration Debug for project cannyProjectSdk ****
make pre-build main-build 
a9-linaro-pre-build-step
' '
make: Nothing to be done for `main-build'.
15:56:53 **** Incremental Build of configuration Debug for project cannyProjectSdk ****
make pre-build main-build 
a9-linaro-pre-build-step
' '
make: Nothing to be done for `main-build'.
15:58:00 **** Incremental Build of configuration Debug for project cannyProjectSdk ****
make pre-build main-build 
a9-linaro-pre-build-step
' '
make: Nothing to be done for `main-build'.
16:01:57 **** Incremental Build of configuration Debug for project cannyProjectSdk ****
make pre-build main-build 
a9-linaro-pre-build-step
' '
make: Nothing to be done for `main-build'.
16:10:19 **** Incremental Build of configuration Debug for project cannyProjectSdk ****
make pre-build main-build 
a9-linaro-pre-build-step
' '
make: Nothing to be done for `main-build'.
16:10:46 **** Incremental Build of configuration Debug for project cannyProjectSdk ****
make pre-build main-build 
a9-linaro-pre-build-step
' '
make: Nothing to be done for `main-build'.
16:13:23 **** Incremental Build of configuration Debug for project cannyProjectSdk ****
make pre-build main-build 
a9-linaro-pre-build-step
' '
make: Nothing to be done for `main-build'.
16:14:01 **** Incremental Build of configuration Debug for project cannyProjectSdk ****
make pre-build main-build 
a9-linaro-pre-build-step
' '
make: Nothing to be done for `main-build'.
10:53:16 **** Incremental Build of configuration Debug for project cannyProjectSdk ****
make pre-build main-build 
a9-linaro-pre-build-step
' '
make: Nothing to be done for `main-build'.
10:54:19 **** Auto Build of configuration Debug for project cannyProjectSdk ****
make pre-build main-build 
a9-linaro-pre-build-step
' '
'Building file: ../src/main.cc'
'Invoking: ARM v7 g++ compiler'
arm-none-eabi-g++ -Wall -O0 -g3 -c -fmessage-length=0 -MT"src/main.o" -mcpu=cortex-a9 -mfpu=vfpv3 -mfloat-abi=hard -I../../cannyProjectSdk_bsp/ps7_cortexa9_0/include -MMD -MP -MF"src/main.d" -MT"src/main.o" -o "src/main.o" "../src/main.cc"
'Finished building: ../src/main.cc'
' '
'Building target: cannyProjectSdk.elf'
'Invoking: ARM v7 g++ linker'
arm-none-eabi-g++ -mcpu=cortex-a9 -mfpu=vfpv3 -mfloat-abi=hard -Wl,-build-id=none -specs=Xilinx.spec -Wl,-T -Wl,../src/lscript.ld -L../../cannyProjectSdk_bsp/ps7_cortexa9_0/lib -o "cannyProjectSdk.elf"  ./src/FileSDCard.o ./src/TestFileSDCard.o ./src/main.o ./src/platform.o   -Wl,--start-group,-lxilffs,-lxil,-lgcc,-lc,--end-group -Wl,--start-group,-lxil,-lgcc,-lc,-lstdc++,--end-group
'Finished building target: cannyProjectSdk.elf'
' '
'Invoking: ARM v7 Print Size'
arm-none-eabi-size cannyProjectSdk.elf  |tee "cannyProjectSdk.elf.size"
   text	   data	    bss	    dec	    hex	filename
 105408	   3032	  25776	 134216	  20c48	cannyProjectSdk.elf
'Finished building: cannyProjectSdk.elf.size'
' '
10:54:41 **** Incremental Build of configuration Debug for project cannyProjectSdk ****
make pre-build main-build 
a9-linaro-pre-build-step
' '
make: Nothing to be done for `main-build'.
10:55:15 **** Auto Build of configuration Debug for project cannyProjectSdk ****
make pre-build main-build 
a9-linaro-pre-build-step
' '
'Building file: ../src/main.cc'
'Invoking: ARM v7 g++ compiler'
arm-none-eabi-g++ -Wall -O0 -g3 -c -fmessage-length=0 -MT"src/main.o" -mcpu=cortex-a9 -mfpu=vfpv3 -mfloat-abi=hard -I../../cannyProjectSdk_bsp/ps7_cortexa9_0/include -MMD -MP -MF"src/main.d" -MT"src/main.o" -o "src/main.o" "../src/main.cc"
'Finished building: ../src/main.cc'
' '
'Building target: cannyProjectSdk.elf'
'Invoking: ARM v7 g++ linker'
arm-none-eabi-g++ -mcpu=cortex-a9 -mfpu=vfpv3 -mfloat-abi=hard -Wl,-build-id=none -specs=Xilinx.spec -Wl,-T -Wl,../src/lscript.ld -L../../cannyProjectSdk_bsp/ps7_cortexa9_0/lib -o "cannyProjectSdk.elf"  ./src/FileSDCard.o ./src/TestFileSDCard.o ./src/main.o ./src/platform.o   -Wl,--start-group,-lxilffs,-lxil,-lgcc,-lc,--end-group -Wl,--start-group,-lxil,-lgcc,-lc,-lstdc++,--end-group
'Finished building target: cannyProjectSdk.elf'
' '
'Invoking: ARM v7 Print Size'
arm-none-eabi-size cannyProjectSdk.elf  |tee "cannyProjectSdk.elf.size"
   text	   data	    bss	    dec	    hex	filename
 105408	   3032	  25776	 134216	  20c48	cannyProjectSdk.elf
'Finished building: cannyProjectSdk.elf.size'
' '
10:55:25 **** Incremental Build of configuration Debug for project cannyProjectSdk ****
make pre-build main-build 
a9-linaro-pre-build-step
' '
make: Nothing to be done for `main-build'.
10:56:23 **** Incremental Build of configuration Debug for project cannyProjectSdk ****
make pre-build main-build 
a9-linaro-pre-build-step
' '
make: Nothing to be done for `main-build'.
10:59:23 **** Auto Build of configuration Debug for project cannyProjectSdk ****
make pre-build main-build 
a9-linaro-pre-build-step
' '
'Building file: ../src/main.cc'
'Invoking: ARM v7 g++ compiler'
arm-none-eabi-g++ -Wall -O0 -g3 -c -fmessage-length=0 -MT"src/main.o" -mcpu=cortex-a9 -mfpu=vfpv3 -mfloat-abi=hard -I../../cannyProjectSdk_bsp/ps7_cortexa9_0/include -MMD -MP -MF"src/main.d" -MT"src/main.o" -o "src/main.o" "../src/main.cc"
'Finished building: ../src/main.cc'
' '
'Building target: cannyProjectSdk.elf'
'Invoking: ARM v7 g++ linker'
arm-none-eabi-g++ -mcpu=cortex-a9 -mfpu=vfpv3 -mfloat-abi=hard -Wl,-build-id=none -specs=Xilinx.spec -Wl,-T -Wl,../src/lscript.ld -L../../cannyProjectSdk_bsp/ps7_cortexa9_0/lib -o "cannyProjectSdk.elf"  ./src/FileSDCard.o ./src/TestFileSDCard.o ./src/main.o ./src/platform.o   -Wl,--start-group,-lxilffs,-lxil,-lgcc,-lc,--end-group -Wl,--start-group,-lxil,-lgcc,-lc,-lstdc++,--end-group
'Finished building target: cannyProjectSdk.elf'
' '
'Invoking: ARM v7 Print Size'
arm-none-eabi-size cannyProjectSdk.elf  |tee "cannyProjectSdk.elf.size"
   text	   data	    bss	    dec	    hex	filename
 105408	   3032	  26544	 134984	  20f48	cannyProjectSdk.elf
'Finished building: cannyProjectSdk.elf.size'
' '
10:59:33 **** Incremental Build of configuration Debug for project cannyProjectSdk ****
make pre-build main-build 
a9-linaro-pre-build-step
' '
make: Nothing to be done for `main-build'.
11:01:51 **** Auto Build of configuration Debug for project cannyProjectSdk ****
make pre-build main-build 
a9-linaro-pre-build-step
' '
'Building file: ../src/main.cc'
'Invoking: ARM v7 g++ compiler'
arm-none-eabi-g++ -Wall -O0 -g3 -c -fmessage-length=0 -MT"src/main.o" -mcpu=cortex-a9 -mfpu=vfpv3 -mfloat-abi=hard -I../../cannyProjectSdk_bsp/ps7_cortexa9_0/include -MMD -MP -MF"src/main.d" -MT"src/main.o" -o "src/main.o" "../src/main.cc"
'Finished building: ../src/main.cc'
' '
'Building target: cannyProjectSdk.elf'
'Invoking: ARM v7 g++ linker'
arm-none-eabi-g++ -mcpu=cortex-a9 -mfpu=vfpv3 -mfloat-abi=hard -Wl,-build-id=none -specs=Xilinx.spec -Wl,-T -Wl,../src/lscript.ld -L../../cannyProjectSdk_bsp/ps7_cortexa9_0/lib -o "cannyProjectSdk.elf"  ./src/FileSDCard.o ./src/TestFileSDCard.o ./src/main.o ./src/platform.o   -Wl,--start-group,-lxilffs,-lxil,-lgcc,-lc,--end-group -Wl,--start-group,-lxil,-lgcc,-lc,-lstdc++,--end-group
'Finished building target: cannyProjectSdk.elf'
' '
'Invoking: ARM v7 Print Size'
arm-none-eabi-size cannyProjectSdk.elf  |tee "cannyProjectSdk.elf.size"
   text	   data	    bss	    dec	    hex	filename
 105408	   3032	  86960	 195400	  2fb48	cannyProjectSdk.elf
'Finished building: cannyProjectSdk.elf.size'
' '
11:02:52 **** Incremental Build of configuration Debug for project cannyProjectSdk ****
make pre-build main-build 
a9-linaro-pre-build-step
' '
make: Nothing to be done for `main-build'.
11:03:40 **** Auto Build of configuration Debug for project cannyProjectSdk ****
make pre-build main-build 
a9-linaro-pre-build-step
' '
'Building file: ../src/main.cc'
'Invoking: ARM v7 g++ compiler'
arm-none-eabi-g++ -Wall -O0 -g3 -c -fmessage-length=0 -MT"src/main.o" -mcpu=cortex-a9 -mfpu=vfpv3 -mfloat-abi=hard -I../../cannyProjectSdk_bsp/ps7_cortexa9_0/include -MMD -MP -MF"src/main.d" -MT"src/main.o" -o "src/main.o" "../src/main.cc"
'Finished building: ../src/main.cc'
' '
'Building target: cannyProjectSdk.elf'
'Invoking: ARM v7 g++ linker'
arm-none-eabi-g++ -mcpu=cortex-a9 -mfpu=vfpv3 -mfloat-abi=hard -Wl,-build-id=none -specs=Xilinx.spec -Wl,-T -Wl,../src/lscript.ld -L../../cannyProjectSdk_bsp/ps7_cortexa9_0/lib -o "cannyProjectSdk.elf"  ./src/FileSDCard.o ./src/TestFileSDCard.o ./src/main.o ./src/platform.o   -Wl,--start-group,-lxilffs,-lxil,-lgcc,-lc,--end-group -Wl,--start-group,-lxil,-lgcc,-lc,-lstdc++,--end-group
'Finished building target: cannyProjectSdk.elf'
' '
'Invoking: ARM v7 Print Size'
arm-none-eabi-size cannyProjectSdk.elf  |tee "cannyProjectSdk.elf.size"
   text	   data	    bss	    dec	    hex	filename
 105408	   3032	  25520	 133960	  20b48	cannyProjectSdk.elf
'Finished building: cannyProjectSdk.elf.size'
' '
11:03:53 **** Incremental Build of configuration Debug for project cannyProjectSdk ****
make pre-build main-build 
a9-linaro-pre-build-step
' '
make: Nothing to be done for `main-build'.
11:04:19 **** Auto Build of configuration Debug for project cannyProjectSdk ****
make pre-build main-build 
a9-linaro-pre-build-step
' '
'Building file: ../src/main.cc'
'Invoking: ARM v7 g++ compiler'
arm-none-eabi-g++ -Wall -O0 -g3 -c -fmessage-length=0 -MT"src/main.o" -mcpu=cortex-a9 -mfpu=vfpv3 -mfloat-abi=hard -I../../cannyProjectSdk_bsp/ps7_cortexa9_0/include -MMD -MP -MF"src/main.d" -MT"src/main.o" -o "src/main.o" "../src/main.cc"
'Finished building: ../src/main.cc'
' '
'Building target: cannyProjectSdk.elf'
'Invoking: ARM v7 g++ linker'
arm-none-eabi-g++ -mcpu=cortex-a9 -mfpu=vfpv3 -mfloat-abi=hard -Wl,-build-id=none -specs=Xilinx.spec -Wl,-T -Wl,../src/lscript.ld -L../../cannyProjectSdk_bsp/ps7_cortexa9_0/lib -o "cannyProjectSdk.elf"  ./src/FileSDCard.o ./src/TestFileSDCard.o ./src/main.o ./src/platform.o   -Wl,--start-group,-lxilffs,-lxil,-lgcc,-lc,--end-group -Wl,--start-group,-lxil,-lgcc,-lc,-lstdc++,--end-group
'Finished building target: cannyProjectSdk.elf'
' '
'Invoking: ARM v7 Print Size'
arm-none-eabi-size cannyProjectSdk.elf  |tee "cannyProjectSdk.elf.size"
   text	   data	    bss	    dec	    hex	filename
 105408	   3032	  25520	 133960	  20b48	cannyProjectSdk.elf
'Finished building: cannyProjectSdk.elf.size'
' '
11:04:30 **** Incremental Build of configuration Debug for project cannyProjectSdk ****
make pre-build main-build 
a9-linaro-pre-build-step
' '
make: Nothing to be done for `main-build'.
11:04:49 **** Auto Build of configuration Debug for project cannyProjectSdk ****
make pre-build main-build 
a9-linaro-pre-build-step
' '
'Building file: ../src/main.cc'
'Invoking: ARM v7 g++ compiler'
arm-none-eabi-g++ -Wall -O0 -g3 -c -fmessage-length=0 -MT"src/main.o" -mcpu=cortex-a9 -mfpu=vfpv3 -mfloat-abi=hard -I../../cannyProjectSdk_bsp/ps7_cortexa9_0/include -MMD -MP -MF"src/main.d" -MT"src/main.o" -o "src/main.o" "../src/main.cc"
'Finished building: ../src/main.cc'
' '
'Building target: cannyProjectSdk.elf'
'Invoking: ARM v7 g++ linker'
arm-none-eabi-g++ -mcpu=cortex-a9 -mfpu=vfpv3 -mfloat-abi=hard -Wl,-build-id=none -specs=Xilinx.spec -Wl,-T -Wl,../src/lscript.ld -L../../cannyProjectSdk_bsp/ps7_cortexa9_0/lib -o "cannyProjectSdk.elf"  ./src/FileSDCard.o ./src/TestFileSDCard.o ./src/main.o ./src/platform.o   -Wl,--start-group,-lxilffs,-lxil,-lgcc,-lc,--end-group -Wl,--start-group,-lxil,-lgcc,-lc,-lstdc++,--end-group
'Finished building target: cannyProjectSdk.elf'
' '
'Invoking: ARM v7 Print Size'
arm-none-eabi-size cannyProjectSdk.elf  |tee "cannyProjectSdk.elf.size"
   text	   data	    bss	    dec	    hex	filename
 105408	   3032	  25520	 133960	  20b48	cannyProjectSdk.elf
'Finished building: cannyProjectSdk.elf.size'
' '
11:14:42 **** Auto Build of configuration Debug for project cannyProjectSdk ****
make pre-build main-build 
a9-linaro-pre-build-step
' '
'Building file: ../src/main.cc'
'Invoking: ARM v7 g++ compiler'
arm-none-eabi-g++ -Wall -O0 -g3 -c -fmessage-length=0 -MT"src/main.o" -mcpu=cortex-a9 -mfpu=vfpv3 -mfloat-abi=hard -I../../cannyProjectSdk_bsp/ps7_cortexa9_0/include -MMD -MP -MF"src/main.d" -MT"src/main.o" -o "src/main.o" "../src/main.cc"
'Finished building: ../src/main.cc'
' '
'Building target: cannyProjectSdk.elf'
'Invoking: ARM v7 g++ linker'
arm-none-eabi-g++ -mcpu=cortex-a9 -mfpu=vfpv3 -mfloat-abi=hard -Wl,-build-id=none -specs=Xilinx.spec -Wl,-T -Wl,../src/lscript.ld -L../../cannyProjectSdk_bsp/ps7_cortexa9_0/lib -o "cannyProjectSdk.elf"  ./src/FileSDCard.o ./src/TestFileSDCard.o ./src/main.o ./src/platform.o   -Wl,--start-group,-lxilffs,-lxil,-lgcc,-lc,--end-group -Wl,--start-group,-lxil,-lgcc,-lc,-lstdc++,--end-group
'Finished building target: cannyProjectSdk.elf'
' '
'Invoking: ARM v7 Print Size'
arm-none-eabi-size cannyProjectSdk.elf  |tee "cannyProjectSdk.elf.size"
   text	   data	    bss	    dec	    hex	filename
 105408	   3032	  25552	 133992	  20b68	cannyProjectSdk.elf
'Finished building: cannyProjectSdk.elf.size'
' '
11:16:02 **** Incremental Build of configuration Debug for project cannyProjectSdk ****
make pre-build main-build 
a9-linaro-pre-build-step
' '
make: Nothing to be done for `main-build'.
11:16:48 **** Auto Build of configuration Debug for project cannyProjectSdk ****
make pre-build main-build 
a9-linaro-pre-build-step
' '
'Building file: ../src/main.cc'
'Invoking: ARM v7 g++ compiler'
arm-none-eabi-g++ -Wall -O0 -g3 -c -fmessage-length=0 -MT"src/main.o" -mcpu=cortex-a9 -mfpu=vfpv3 -mfloat-abi=hard -I../../cannyProjectSdk_bsp/ps7_cortexa9_0/include -MMD -MP -MF"src/main.d" -MT"src/main.o" -o "src/main.o" "../src/main.cc"
'Finished building: ../src/main.cc'
' '
'Building target: cannyProjectSdk.elf'
'Invoking: ARM v7 g++ linker'
arm-none-eabi-g++ -mcpu=cortex-a9 -mfpu=vfpv3 -mfloat-abi=hard -Wl,-build-id=none -specs=Xilinx.spec -Wl,-T -Wl,../src/lscript.ld -L../../cannyProjectSdk_bsp/ps7_cortexa9_0/lib -o "cannyProjectSdk.elf"  ./src/FileSDCard.o ./src/TestFileSDCard.o ./src/main.o ./src/platform.o   -Wl,--start-group,-lxilffs,-lxil,-lgcc,-lc,--end-group -Wl,--start-group,-lxil,-lgcc,-lc,-lstdc++,--end-group
'Finished building target: cannyProjectSdk.elf'
' '
'Invoking: ARM v7 Print Size'
arm-none-eabi-size cannyProjectSdk.elf  |tee "cannyProjectSdk.elf.size"
   text	   data	    bss	    dec	    hex	filename
 105408	   3032	  25552	 133992	  20b68	cannyProjectSdk.elf
'Finished building: cannyProjectSdk.elf.size'
' '
11:16:57 **** Incremental Build of configuration Debug for project cannyProjectSdk ****
make pre-build main-build 
a9-linaro-pre-build-step
' '
make: Nothing to be done for `main-build'.
11:17:15 **** Auto Build of configuration Debug for project cannyProjectSdk ****
make pre-build main-build 
a9-linaro-pre-build-step
' '
'Building file: ../src/main.cc'
'Invoking: ARM v7 g++ compiler'
arm-none-eabi-g++ -Wall -O0 -g3 -c -fmessage-length=0 -MT"src/main.o" -mcpu=cortex-a9 -mfpu=vfpv3 -mfloat-abi=hard -I../../cannyProjectSdk_bsp/ps7_cortexa9_0/include -MMD -MP -MF"src/main.d" -MT"src/main.o" -o "src/main.o" "../src/main.cc"
'Finished building: ../src/main.cc'
' '
'Building target: cannyProjectSdk.elf'
'Invoking: ARM v7 g++ linker'
arm-none-eabi-g++ -mcpu=cortex-a9 -mfpu=vfpv3 -mfloat-abi=hard -Wl,-build-id=none -specs=Xilinx.spec -Wl,-T -Wl,../src/lscript.ld -L../../cannyProjectSdk_bsp/ps7_cortexa9_0/lib -o "cannyProjectSdk.elf"  ./src/FileSDCard.o ./src/TestFileSDCard.o ./src/main.o ./src/platform.o   -Wl,--start-group,-lxilffs,-lxil,-lgcc,-lc,--end-group -Wl,--start-group,-lxil,-lgcc,-lc,-lstdc++,--end-group
'Finished building target: cannyProjectSdk.elf'
' '
'Invoking: ARM v7 Print Size'
arm-none-eabi-size cannyProjectSdk.elf  |tee "cannyProjectSdk.elf.size"
   text	   data	    bss	    dec	    hex	filename
 105408	   3032	  25552	 133992	  20b68	cannyProjectSdk.elf
'Finished building: cannyProjectSdk.elf.size'
' '
11:33:17 **** Auto Build of configuration Debug for project cannyProjectSdk ****
make pre-build main-build 
a9-linaro-pre-build-step
' '
'Building file: ../src/main.cc'
'Invoking: ARM v7 g++ compiler'
arm-none-eabi-g++ -Wall -O0 -g3 -c -fmessage-length=0 -MT"src/main.o" -mcpu=cortex-a9 -mfpu=vfpv3 -mfloat-abi=hard -I../../cannyProjectSdk_bsp/ps7_cortexa9_0/include -MMD -MP -MF"src/main.d" -MT"src/main.o" -o "src/main.o" "../src/main.cc"
'Finished building: ../src/main.cc'
' '
'Building target: cannyProjectSdk.elf'
'Invoking: ARM v7 g++ linker'
arm-none-eabi-g++ -mcpu=cortex-a9 -mfpu=vfpv3 -mfloat-abi=hard -Wl,-build-id=none -specs=Xilinx.spec -Wl,-T -Wl,../src/lscript.ld -L../../cannyProjectSdk_bsp/ps7_cortexa9_0/lib -o "cannyProjectSdk.elf"  ./src/FileSDCard.o ./src/TestFileSDCard.o ./src/main.o ./src/platform.o   -Wl,--start-group,-lxilffs,-lxil,-lgcc,-lc,--end-group -Wl,--start-group,-lxil,-lgcc,-lc,-lstdc++,--end-group
'Finished building target: cannyProjectSdk.elf'
' '
'Invoking: ARM v7 Print Size'
arm-none-eabi-size cannyProjectSdk.elf  |tee "cannyProjectSdk.elf.size"
   text	   data	    bss	    dec	    hex	filename
 105408	   3032	  25552	 133992	  20b68	cannyProjectSdk.elf
'Finished building: cannyProjectSdk.elf.size'
' '
11:33:26 **** Incremental Build of configuration Debug for project cannyProjectSdk ****
make pre-build main-build 
a9-linaro-pre-build-step
' '
make: Nothing to be done for `main-build'.
11:33:41 **** Auto Build of configuration Debug for project cannyProjectSdk ****
make pre-build main-build 
a9-linaro-pre-build-step
' '
'Building file: ../src/main.cc'
'Invoking: ARM v7 g++ compiler'
arm-none-eabi-g++ -Wall -O0 -g3 -c -fmessage-length=0 -MT"src/main.o" -mcpu=cortex-a9 -mfpu=vfpv3 -mfloat-abi=hard -I../../cannyProjectSdk_bsp/ps7_cortexa9_0/include -MMD -MP -MF"src/main.d" -MT"src/main.o" -o "src/main.o" "../src/main.cc"
'Finished building: ../src/main.cc'
' '
'Building target: cannyProjectSdk.elf'
'Invoking: ARM v7 g++ linker'
arm-none-eabi-g++ -mcpu=cortex-a9 -mfpu=vfpv3 -mfloat-abi=hard -Wl,-build-id=none -specs=Xilinx.spec -Wl,-T -Wl,../src/lscript.ld -L../../cannyProjectSdk_bsp/ps7_cortexa9_0/lib -o "cannyProjectSdk.elf"  ./src/FileSDCard.o ./src/TestFileSDCard.o ./src/main.o ./src/platform.o   -Wl,--start-group,-lxilffs,-lxil,-lgcc,-lc,--end-group -Wl,--start-group,-lxil,-lgcc,-lc,-lstdc++,--end-group
'Finished building target: cannyProjectSdk.elf'
' '
'Invoking: ARM v7 Print Size'
arm-none-eabi-size cannyProjectSdk.elf  |tee "cannyProjectSdk.elf.size"
   text	   data	    bss	    dec	    hex	filename
 105408	   3032	  25552	 133992	  20b68	cannyProjectSdk.elf
'Finished building: cannyProjectSdk.elf.size'
' '
12:44:40 **** Auto Build of configuration Debug for project cannyProjectSdk ****
make pre-build main-build 
a9-linaro-pre-build-step
' '
'Building file: ../src/main.cc'
'Invoking: ARM v7 g++ compiler'
arm-none-eabi-g++ -Wall -O0 -g3 -c -fmessage-length=0 -MT"src/main.o" -mcpu=cortex-a9 -mfpu=vfpv3 -mfloat-abi=hard -I../../cannyProjectSdk_bsp/ps7_cortexa9_0/include -MMD -MP -MF"src/main.d" -MT"src/main.o" -o "src/main.o" "../src/main.cc"
../src/main.cc: In function 'int main()':
../src/main.cc:48:24: warning: comparison between signed and unsigned integer expressions [-Wsign-compare]
      for(int i = 0 ; i < sizeof (readText) ; i++){
                      ~~^~~~~~~~~~
../src/main.cc:49:24: error: invalid conversion from 'char' to 'const char*' [-fpermissive]
       printf(readText[i]);
              ~~~~~~~~~~^
In file included from d:\uni\vivado\sdk\2017.2\gnu\aarch32\nt\gcc-arm-none-eabi\arm-none-eabi\libc\usr\include\ctype.h:4:0,
                 from ../../cannyProjectSdk_bsp/ps7_cortexa9_0/include/xil_printf.h:8,
                 from ../../cannyProjectSdk_bsp/ps7_cortexa9_0/include/xil_io.h:65,
                 from ../../cannyProjectSdk_bsp/ps7_cortexa9_0/include/xscutimer_hw.h:66,
                 from ../../cannyProjectSdk_bsp/ps7_cortexa9_0/include/XScuTimer.h:117,
                 from ../src/main.cc:6:
d:\uni\vivado\sdk\2017.2\gnu\aarch32\nt\gcc-arm-none-eabi\arm-none-eabi\libc\usr\include\stdio.h:181:5: note:   initializing argument 1 of 'int printf(const char*, ...)'
 int _EXFUN(printf, (const char *__restrict, ...)
     ^
make: *** [src/main.o] Error 1
12:45:40 **** Auto Build of configuration Debug for project cannyProjectSdk ****
make pre-build main-build 
a9-linaro-pre-build-step
' '
'Building file: ../src/main.cc'
'Invoking: ARM v7 g++ compiler'
arm-none-eabi-g++ -Wall -O0 -g3 -c -fmessage-length=0 -MT"src/main.o" -mcpu=cortex-a9 -mfpu=vfpv3 -mfloat-abi=hard -I../../cannyProjectSdk_bsp/ps7_cortexa9_0/include -MMD -MP -MF"src/main.d" -MT"src/main.o" -o "src/main.o" "../src/main.cc"
../src/main.cc: In function 'int main()':
../src/main.cc:48:24: warning: comparison between signed and unsigned integer expressions [-Wsign-compare]
      for(int i = 0 ; i < sizeof (readText) ; i++){
                      ~~^~~~~~~~~~
'Finished building: ../src/main.cc'
' '
'Building target: cannyProjectSdk.elf'
'Invoking: ARM v7 g++ linker'
arm-none-eabi-g++ -mcpu=cortex-a9 -mfpu=vfpv3 -mfloat-abi=hard -Wl,-build-id=none -specs=Xilinx.spec -Wl,-T -Wl,../src/lscript.ld -L../../cannyProjectSdk_bsp/ps7_cortexa9_0/lib -o "cannyProjectSdk.elf"  ./src/FileSDCard.o ./src/TestFileSDCard.o ./src/main.o ./src/platform.o   -Wl,--start-group,-lxilffs,-lxil,-lgcc,-lc,--end-group -Wl,--start-group,-lxil,-lgcc,-lc,-lstdc++,--end-group
'Finished building target: cannyProjectSdk.elf'
' '
'Invoking: ARM v7 Print Size'
arm-none-eabi-size cannyProjectSdk.elf  |tee "cannyProjectSdk.elf.size"
   text	   data	    bss	    dec	    hex	filename
 105472	   3032	  27536	 136040	  21368	cannyProjectSdk.elf
'Finished building: cannyProjectSdk.elf.size'
' '
12:46:06 **** Incremental Build of configuration Debug for project cannyProjectSdk ****
make pre-build main-build 
a9-linaro-pre-build-step
' '
make: Nothing to be done for `main-build'.
12:48:05 **** Incremental Build of configuration Debug for project cannyProjectSdk ****
make pre-build main-build 
a9-linaro-pre-build-step
' '
make: Nothing to be done for `main-build'.
12:48:43 **** Incremental Build of configuration Debug for project cannyProjectSdk ****
make pre-build main-build 
a9-linaro-pre-build-step
' '
make: Nothing to be done for `main-build'.
12:51:53 **** Auto Build of configuration Debug for project cannyProjectSdk ****
make pre-build main-build 
a9-linaro-pre-build-step
' '
'Building file: ../src/main.cc'
'Invoking: ARM v7 g++ compiler'
arm-none-eabi-g++ -Wall -O0 -g3 -c -fmessage-length=0 -MT"src/main.o" -mcpu=cortex-a9 -mfpu=vfpv3 -mfloat-abi=hard -I../../cannyProjectSdk_bsp/ps7_cortexa9_0/include -MMD -MP -MF"src/main.d" -MT"src/main.o" -o "src/main.o" "../src/main.cc"
../src/main.cc: In function 'int main()':
../src/main.cc:48:24: warning: comparison between signed and unsigned integer expressions [-Wsign-compare]
      for(int i = 0 ; i < sizeof (readText) ; i++){
                      ~~^~~~~~~~~~
../src/main.cc:50:7: error: 'Char' was not declared in this scope
       Char temp = &readText[i];
       ^~~~
make: *** [src/main.o] Error 1
12:52:00 **** Auto Build of configuration Debug for project cannyProjectSdk ****
make pre-build main-build 
a9-linaro-pre-build-step
' '
'Building file: ../src/main.cc'
'Invoking: ARM v7 g++ compiler'
arm-none-eabi-g++ -Wall -O0 -g3 -c -fmessage-length=0 -MT"src/main.o" -mcpu=cortex-a9 -mfpu=vfpv3 -mfloat-abi=hard -I../../cannyProjectSdk_bsp/ps7_cortexa9_0/include -MMD -MP -MF"src/main.d" -MT"src/main.o" -o "src/main.o" "../src/main.cc"
../src/main.cc: In function 'int main()':
../src/main.cc:48:24: warning: comparison between signed and unsigned integer expressions [-Wsign-compare]
      for(int i = 0 ; i < sizeof (readText) ; i++){
                      ~~^~~~~~~~~~
../src/main.cc:50:19: error: invalid conversion from 'char*' to 'char' [-fpermissive]
       char temp = &readText[i];
                   ^~~~~~~~~~~~
../src/main.cc:50:12: warning: unused variable 'temp' [-Wunused-variable]
       char temp = &readText[i];
            ^~~~
make: *** [src/main.o] Error 1
12:52:06 **** Auto Build of configuration Debug for project cannyProjectSdk ****
make pre-build main-build 
a9-linaro-pre-build-step
' '
'Building file: ../src/main.cc'
'Invoking: ARM v7 g++ compiler'
arm-none-eabi-g++ -Wall -O0 -g3 -c -fmessage-length=0 -MT"src/main.o" -mcpu=cortex-a9 -mfpu=vfpv3 -mfloat-abi=hard -I../../cannyProjectSdk_bsp/ps7_cortexa9_0/include -MMD -MP -MF"src/main.d" -MT"src/main.o" -o "src/main.o" "../src/main.cc"
../src/main.cc: In function 'int main()':
../src/main.cc:48:24: warning: comparison between signed and unsigned integer expressions [-Wsign-compare]
      for(int i = 0 ; i < sizeof (readText) ; i++){
                      ~~^~~~~~~~~~
../src/main.cc:50:13: warning: unused variable 'temp' [-Wunused-variable]
       char* temp = &readText[i];
             ^~~~
'Finished building: ../src/main.cc'
' '
'Building target: cannyProjectSdk.elf'
'Invoking: ARM v7 g++ linker'
arm-none-eabi-g++ -mcpu=cortex-a9 -mfpu=vfpv3 -mfloat-abi=hard -Wl,-build-id=none -specs=Xilinx.spec -Wl,-T -Wl,../src/lscript.ld -L../../cannyProjectSdk_bsp/ps7_cortexa9_0/lib -o "cannyProjectSdk.elf"  ./src/FileSDCard.o ./src/TestFileSDCard.o ./src/main.o ./src/platform.o   -Wl,--start-group,-lxilffs,-lxil,-lgcc,-lc,--end-group -Wl,--start-group,-lxil,-lgcc,-lc,-lstdc++,--end-group
'Finished building target: cannyProjectSdk.elf'
' '
'Invoking: ARM v7 Print Size'
arm-none-eabi-size cannyProjectSdk.elf  |tee "cannyProjectSdk.elf.size"
   text	   data	    bss	    dec	    hex	filename
 105472	   3032	  27536	 136040	  21368	cannyProjectSdk.elf
'Finished building: cannyProjectSdk.elf.size'
' '
12:52:22 **** Auto Build of configuration Debug for project cannyProjectSdk ****
make pre-build main-build 
a9-linaro-pre-build-step
' '
'Building file: ../src/main.cc'
'Invoking: ARM v7 g++ compiler'
arm-none-eabi-g++ -Wall -O0 -g3 -c -fmessage-length=0 -MT"src/main.o" -mcpu=cortex-a9 -mfpu=vfpv3 -mfloat-abi=hard -I../../cannyProjectSdk_bsp/ps7_cortexa9_0/include -MMD -MP -MF"src/main.d" -MT"src/main.o" -o "src/main.o" "../src/main.cc"
../src/main.cc: In function 'int main()':
../src/main.cc:48:24: warning: comparison between signed and unsigned integer expressions [-Wsign-compare]
      for(int i = 0 ; i < sizeof (readText) ; i++){
                      ~~^~~~~~~~~~
../src/main.cc:51:24: error: invalid conversion from 'char**' to 'char' [-fpermissive]
       char tempValue = &temp;
                        ^~~~~
../src/main.cc:51:12: warning: unused variable 'tempValue' [-Wunused-variable]
       char tempValue = &temp;
            ^~~~~~~~~
make: *** [src/main.o] Error 1
12:52:32 **** Auto Build of configuration Debug for project cannyProjectSdk ****
make pre-build main-build 
a9-linaro-pre-build-step
' '
'Building file: ../src/main.cc'
'Invoking: ARM v7 g++ compiler'
arm-none-eabi-g++ -Wall -O0 -g3 -c -fmessage-length=0 -MT"src/main.o" -mcpu=cortex-a9 -mfpu=vfpv3 -mfloat-abi=hard -I../../cannyProjectSdk_bsp/ps7_cortexa9_0/include -MMD -MP -MF"src/main.d" -MT"src/main.o" -o "src/main.o" "../src/main.cc"
../src/main.cc: In function 'int main()':
../src/main.cc:48:24: warning: comparison between signed and unsigned integer expressions [-Wsign-compare]
      for(int i = 0 ; i < sizeof (readText) ; i++){
                      ~~^~~~~~~~~~
../src/main.cc:50:30: error: invalid conversion from 'char' to 'char*' [-fpermissive]
       char* temp = readText[i];
                    ~~~~~~~~~~^
../src/main.cc:50:13: warning: unused variable 'temp' [-Wunused-variable]
       char* temp = readText[i];
             ^~~~
make: *** [src/main.o] Error 1
12:52:39 **** Auto Build of configuration Debug for project cannyProjectSdk ****
make pre-build main-build 
a9-linaro-pre-build-step
' '
'Building file: ../src/main.cc'
'Invoking: ARM v7 g++ compiler'
arm-none-eabi-g++ -Wall -O0 -g3 -c -fmessage-length=0 -MT"src/main.o" -mcpu=cortex-a9 -mfpu=vfpv3 -mfloat-abi=hard -I../../cannyProjectSdk_bsp/ps7_cortexa9_0/include -MMD -MP -MF"src/main.d" -MT"src/main.o" -o "src/main.o" "../src/main.cc"
../src/main.cc: In function 'int main()':
../src/main.cc:48:24: warning: comparison between signed and unsigned integer expressions [-Wsign-compare]
      for(int i = 0 ; i < sizeof (readText) ; i++){
                      ~~^~~~~~~~~~
../src/main.cc:50:12: warning: unused variable 'temp' [-Wunused-variable]
       char temp = readText[i];
            ^~~~
'Finished building: ../src/main.cc'
' '
'Building target: cannyProjectSdk.elf'
'Invoking: ARM v7 g++ linker'
arm-none-eabi-g++ -mcpu=cortex-a9 -mfpu=vfpv3 -mfloat-abi=hard -Wl,-build-id=none -specs=Xilinx.spec -Wl,-T -Wl,../src/lscript.ld -L../../cannyProjectSdk_bsp/ps7_cortexa9_0/lib -o "cannyProjectSdk.elf"  ./src/FileSDCard.o ./src/TestFileSDCard.o ./src/main.o ./src/platform.o   -Wl,--start-group,-lxilffs,-lxil,-lgcc,-lc,--end-group -Wl,--start-group,-lxil,-lgcc,-lc,-lstdc++,--end-group
'Finished building target: cannyProjectSdk.elf'
' '
'Invoking: ARM v7 Print Size'
arm-none-eabi-size cannyProjectSdk.elf  |tee "cannyProjectSdk.elf.size"
   text	   data	    bss	    dec	    hex	filename
 105472	   3032	  27536	 136040	  21368	cannyProjectSdk.elf
'Finished building: cannyProjectSdk.elf.size'
' '
12:52:55 **** Incremental Build of configuration Debug for project cannyProjectSdk ****
make pre-build main-build 
a9-linaro-pre-build-step
' '
make: Nothing to be done for `main-build'.
16:42:55 **** Auto Build of configuration Debug for project cannyProjectSdk ****
make pre-build main-build 
a9-linaro-pre-build-step
' '
'Building file: ../src/main.cc'
'Invoking: ARM v7 g++ compiler'
arm-none-eabi-g++ -Wall -O0 -g3 -c -fmessage-length=0 -MT"src/main.o" -mcpu=cortex-a9 -mfpu=vfpv3 -mfloat-abi=hard -I../../cannyProjectSdk_bsp/ps7_cortexa9_0/include -MMD -MP -MF"src/main.d" -MT"src/main.o" -o "src/main.o" "../src/main.cc"
../src/main.cc: In function 'int main()':
../src/main.cc:48:24: warning: comparison between signed and unsigned integer expressions [-Wsign-compare]
      for(int i = 0 ; i < sizeof (readText) ; i++){
                      ~~^~~~~~~~~~
../src/main.cc:50:12: warning: unused variable 'temp' [-Wunused-variable]
       char temp = readText[i];
            ^~~~
../src/main.cc: At global scope:
../src/main.cc:95:11: error: redefinition of 'char in [10]'
 char in[10] = {1,2,3,4,5,6,7,8,9,10};
           ^
../src/main.cc:13:6: note: 'char in [10]' previously defined here
 char in[10] = {1,2,3,4,5,6,7,8,9,10};
      ^~
../src/main.cc:96:12: error: redefinition of 'char out [10]'
 char out[10];
            ^
../src/main.cc:14:6: note: 'char out [10]' previously declared here
 char out[10];
      ^~~
../src/main.cc:97:16: error: redefinition of 'char sdTest [400]'
 char sdTest[400] = {1};
                ^
../src/main.cc:15:6: note: 'char sdTest [400]' previously defined here
 char sdTest[400] = {1};
      ^~~~~~
../src/main.cc:99:29: error: redefinition of 'const char writeText []'
 static const char writeText[] = "This is a read me file\r\nWith more lines\r\n";
                             ^
../src/main.cc:17:19: note: 'const char writeText [42]' previously defined here
 static const char writeText[] = "This is a read me file\r\nWith more lines\r\n";
                   ^~~~~~~~~
../src/main.cc:100:25: error: conflicting declaration 'char readText [256]'
 static char readText[256];
                         ^
../src/main.cc:18:13: note: previous declaration as 'char readText [2000]'
 static char readText[2000];
             ^~~~~~~~
../src/main.cc: In function 'int main()':
../src/main.cc:104:5: error: redefinition of 'int main()'
 int main()
     ^~~~
../src/main.cc:22:5: note: 'int main()' previously defined here
 int main()
     ^~~~
make: *** [src/main.o] Error 1
17:19:02 **** Auto Build of configuration Debug for project cannyProjectSdk ****
make pre-build main-build 
a9-linaro-pre-build-step
' '
'Building file: ../src/main.cc'
'Invoking: ARM v7 g++ compiler'
arm-none-eabi-g++ -Wall -O0 -g3 -c -fmessage-length=0 -MT"src/main.o" -mcpu=cortex-a9 -mfpu=vfpv3 -mfloat-abi=hard -I../../cannyProjectSdk_bsp/ps7_cortexa9_0/include -MMD -MP -MF"src/main.d" -MT"src/main.o" -o "src/main.o" "../src/main.cc"
../src/main.cc:104:2: warning: "/*" within comment [-Wcomment]
 }/*
   
../src/main.cc:59:1: error: unterminated comment
 /*
 ^
../src/main.cc: In function 'int main()':
../src/main.cc:48:24: warning: comparison between signed and unsigned integer expressions [-Wsign-compare]
      for(int i = 0 ; i < sizeof (readText) ; i++){
                      ~~^~~~~~~~~~
../src/main.cc:50:12: warning: unused variable 'temp' [-Wunused-variable]
       char temp = readText[i];
            ^~~~
make: *** [src/main.o] Error 1
17:19:18 **** Auto Build of configuration Debug for project cannyProjectSdk ****
make pre-build main-build 
a9-linaro-pre-build-step
' '
'Building file: ../src/main.cc'
'Invoking: ARM v7 g++ compiler'
arm-none-eabi-g++ -Wall -O0 -g3 -c -fmessage-length=0 -MT"src/main.o" -mcpu=cortex-a9 -mfpu=vfpv3 -mfloat-abi=hard -I../../cannyProjectSdk_bsp/ps7_cortexa9_0/include -MMD -MP -MF"src/main.d" -MT"src/main.o" -o "src/main.o" "../src/main.cc"
../src/main.cc: In function 'int main()':
../src/main.cc:48:24: warning: comparison between signed and unsigned integer expressions [-Wsign-compare]
      for(int i = 0 ; i < sizeof (readText) ; i++){
                      ~~^~~~~~~~~~
../src/main.cc:50:12: warning: unused variable 'temp' [-Wunused-variable]
       char temp = readText[i];
            ^~~~
'Finished building: ../src/main.cc'
' '
'Building target: cannyProjectSdk.elf'
'Invoking: ARM v7 g++ linker'
arm-none-eabi-g++ -mcpu=cortex-a9 -mfpu=vfpv3 -mfloat-abi=hard -Wl,-build-id=none -specs=Xilinx.spec -Wl,-T -Wl,../src/lscript.ld -L../../cannyProjectSdk_bsp/ps7_cortexa9_0/lib -o "cannyProjectSdk.elf"  ./src/FileSDCard.o ./src/TestFileSDCard.o ./src/main.o ./src/platform.o   -Wl,--start-group,-lxilffs,-lxil,-lgcc,-lc,--end-group -Wl,--start-group,-lxil,-lgcc,-lc,-lstdc++,--end-group
'Finished building target: cannyProjectSdk.elf'
' '
'Invoking: ARM v7 Print Size'
arm-none-eabi-size cannyProjectSdk.elf  |tee "cannyProjectSdk.elf.size"
   text	   data	    bss	    dec	    hex	filename
 105472	   3032	  25584	 134088	  20bc8	cannyProjectSdk.elf
'Finished building: cannyProjectSdk.elf.size'
' '
17:20:47 **** Incremental Build of configuration Debug for project cannyProjectSdk ****
make pre-build main-build 
a9-linaro-pre-build-step
' '
make: Nothing to be done for `main-build'.
17:21:04 **** Auto Build of configuration Debug for project cannyProjectSdk ****
make pre-build main-build 
a9-linaro-pre-build-step
' '
'Building file: ../src/main.cc'
'Invoking: ARM v7 g++ compiler'
arm-none-eabi-g++ -Wall -O0 -g3 -c -fmessage-length=0 -MT"src/main.o" -mcpu=cortex-a9 -mfpu=vfpv3 -mfloat-abi=hard -I../../cannyProjectSdk_bsp/ps7_cortexa9_0/include -MMD -MP -MF"src/main.d" -MT"src/main.o" -o "src/main.o" "../src/main.cc"
../src/main.cc: In function 'int main()':
../src/main.cc:48:24: warning: comparison between signed and unsigned integer expressions [-Wsign-compare]
      for(int i = 0 ; i < sizeof (readText) ; i++){
                      ~~^~~~~~~~~~
../src/main.cc:50:12: warning: unused variable 'temp' [-Wunused-variable]
       char temp = readText[i];
            ^~~~
'Finished building: ../src/main.cc'
' '
'Building target: cannyProjectSdk.elf'
'Invoking: ARM v7 g++ linker'
arm-none-eabi-g++ -mcpu=cortex-a9 -mfpu=vfpv3 -mfloat-abi=hard -Wl,-build-id=none -specs=Xilinx.spec -Wl,-T -Wl,../src/lscript.ld -L../../cannyProjectSdk_bsp/ps7_cortexa9_0/lib -o "cannyProjectSdk.elf"  ./src/FileSDCard.o ./src/TestFileSDCard.o ./src/main.o ./src/platform.o   -Wl,--start-group,-lxilffs,-lxil,-lgcc,-lc,--end-group -Wl,--start-group,-lxil,-lgcc,-lc,-lstdc++,--end-group
'Finished building target: cannyProjectSdk.elf'
' '
'Invoking: ARM v7 Print Size'
arm-none-eabi-size cannyProjectSdk.elf  |tee "cannyProjectSdk.elf.size"
   text	   data	    bss	    dec	    hex	filename
 105472	   3032	  25584	 134088	  20bc8	cannyProjectSdk.elf
'Finished building: cannyProjectSdk.elf.size'
' '
17:21:32 **** Incremental Build of configuration Debug for project cannyProjectSdk ****
make pre-build main-build 
a9-linaro-pre-build-step
' '
make: Nothing to be done for `main-build'.
17:22:03 **** Incremental Build of configuration Debug for project cannyProjectSdk ****
make pre-build main-build 
a9-linaro-pre-build-step
' '
make: Nothing to be done for `main-build'.
17:22:21 **** Incremental Build of configuration Debug for project cannyProjectSdk ****
make pre-build main-build 
a9-linaro-pre-build-step
' '
make: Nothing to be done for `main-build'.
17:23:43 **** Auto Build of configuration Debug for project cannyProjectSdk ****
make pre-build main-build 
a9-linaro-pre-build-step
' '
'Building file: ../src/main.cc'
'Invoking: ARM v7 g++ compiler'
arm-none-eabi-g++ -Wall -O0 -g3 -c -fmessage-length=0 -MT"src/main.o" -mcpu=cortex-a9 -mfpu=vfpv3 -mfloat-abi=hard -I../../cannyProjectSdk_bsp/ps7_cortexa9_0/include -MMD -MP -MF"src/main.d" -MT"src/main.o" -o "src/main.o" "../src/main.cc"
../src/main.cc: In function 'int main()':
../src/main.cc:48:24: warning: comparison between signed and unsigned integer expressions [-Wsign-compare]
      for(int i = 0 ; i < sizeof (readText) ; i++){
                      ~~^~~~~~~~~~
../src/main.cc:49:25: warning: comparison with string literal results in unspecified behavior [-Waddress]
       if(readText[i] != "0"){
                         ^~~
../src/main.cc:49:25: error: ISO C++ forbids comparison between pointer and integer [-fpermissive]
../src/main.cc:53:12: warning: unused variable 'temp' [-Wunused-variable]
       char temp = readText[i];
            ^~~~
make: *** [src/main.o] Error 1
17:24:01 **** Auto Build of configuration Debug for project cannyProjectSdk ****
make pre-build main-build 
a9-linaro-pre-build-step
' '
'Building file: ../src/main.cc'
'Invoking: ARM v7 g++ compiler'
arm-none-eabi-g++ -Wall -O0 -g3 -c -fmessage-length=0 -MT"src/main.o" -mcpu=cortex-a9 -mfpu=vfpv3 -mfloat-abi=hard -I../../cannyProjectSdk_bsp/ps7_cortexa9_0/include -MMD -MP -MF"src/main.d" -MT"src/main.o" -o "src/main.o" "../src/main.cc"
../src/main.cc: In function 'int main()':
../src/main.cc:48:24: warning: comparison between signed and unsigned integer expressions [-Wsign-compare]
      for(int i = 0 ; i < sizeof (readText) ; i++){
                      ~~^~~~~~~~~~
../src/main.cc:49:26: warning: comparison with string literal results in unspecified behavior [-Waddress]
       if(&readText[i] != "0"){
                          ^~~
../src/main.cc:53:12: warning: unused variable 'temp' [-Wunused-variable]
       char temp = readText[i];
            ^~~~
'Finished building: ../src/main.cc'
' '
'Building target: cannyProjectSdk.elf'
'Invoking: ARM v7 g++ linker'
arm-none-eabi-g++ -mcpu=cortex-a9 -mfpu=vfpv3 -mfloat-abi=hard -Wl,-build-id=none -specs=Xilinx.spec -Wl,-T -Wl,../src/lscript.ld -L../../cannyProjectSdk_bsp/ps7_cortexa9_0/lib -o "cannyProjectSdk.elf"  ./src/FileSDCard.o ./src/TestFileSDCard.o ./src/main.o ./src/platform.o   -Wl,--start-group,-lxilffs,-lxil,-lgcc,-lc,--end-group -Wl,--start-group,-lxil,-lgcc,-lc,-lstdc++,--end-group
'Finished building target: cannyProjectSdk.elf'
' '
'Invoking: ARM v7 Print Size'
arm-none-eabi-size cannyProjectSdk.elf  |tee "cannyProjectSdk.elf.size"
   text	   data	    bss	    dec	    hex	filename
 105480	   3032	  25584	 134096	  20bd0	cannyProjectSdk.elf
'Finished building: cannyProjectSdk.elf.size'
' '
17:24:08 **** Incremental Build of configuration Debug for project cannyProjectSdk ****
make pre-build main-build 
a9-linaro-pre-build-step
' '
make: Nothing to be done for `main-build'.
17:24:28 **** Incremental Build of configuration Debug for project cannyProjectSdk ****
make pre-build main-build 
a9-linaro-pre-build-step
' '
make: Nothing to be done for `main-build'.
17:25:38 **** Auto Build of configuration Debug for project cannyProjectSdk ****
make pre-build main-build 
a9-linaro-pre-build-step
' '
'Building file: ../src/main.cc'
'Invoking: ARM v7 g++ compiler'
arm-none-eabi-g++ -Wall -O0 -g3 -c -fmessage-length=0 -MT"src/main.o" -mcpu=cortex-a9 -mfpu=vfpv3 -mfloat-abi=hard -I../../cannyProjectSdk_bsp/ps7_cortexa9_0/include -MMD -MP -MF"src/main.d" -MT"src/main.o" -o "src/main.o" "../src/main.cc"
../src/main.cc: In function 'int main()':
../src/main.cc:48:24: warning: comparison between signed and unsigned integer expressions [-Wsign-compare]
      for(int i = 0 ; i < sizeof (readText) ; i++){
                      ~~^~~~~~~~~~
../src/main.cc:50:18: error: expected primary-expression before 'char'
       if(temp != char 0){
                  ^~~~
../src/main.cc:50:18: error: expected ')' before 'char'
make: *** [src/main.o] Error 1
17:25:44 **** Auto Build of configuration Debug for project cannyProjectSdk ****
make pre-build main-build 
a9-linaro-pre-build-step
' '
'Building file: ../src/main.cc'
'Invoking: ARM v7 g++ compiler'
arm-none-eabi-g++ -Wall -O0 -g3 -c -fmessage-length=0 -MT"src/main.o" -mcpu=cortex-a9 -mfpu=vfpv3 -mfloat-abi=hard -I../../cannyProjectSdk_bsp/ps7_cortexa9_0/include -MMD -MP -MF"src/main.d" -MT"src/main.o" -o "src/main.o" "../src/main.cc"
../src/main.cc: In function 'int main()':
../src/main.cc:48:24: warning: comparison between signed and unsigned integer expressions [-Wsign-compare]
      for(int i = 0 ; i < sizeof (readText) ; i++){
                      ~~^~~~~~~~~~
'Finished building: ../src/main.cc'
' '
'Building target: cannyProjectSdk.elf'
'Invoking: ARM v7 g++ linker'
arm-none-eabi-g++ -mcpu=cortex-a9 -mfpu=vfpv3 -mfloat-abi=hard -Wl,-build-id=none -specs=Xilinx.spec -Wl,-T -Wl,../src/lscript.ld -L../../cannyProjectSdk_bsp/ps7_cortexa9_0/lib -o "cannyProjectSdk.elf"  ./src/FileSDCard.o ./src/TestFileSDCard.o ./src/main.o ./src/platform.o   -Wl,--start-group,-lxilffs,-lxil,-lgcc,-lc,--end-group -Wl,--start-group,-lxil,-lgcc,-lc,-lstdc++,--end-group
'Finished building target: cannyProjectSdk.elf'
' '
'Invoking: ARM v7 Print Size'
arm-none-eabi-size cannyProjectSdk.elf  |tee "cannyProjectSdk.elf.size"
   text	   data	    bss	    dec	    hex	filename
 105472	   3032	  25584	 134088	  20bc8	cannyProjectSdk.elf
'Finished building: cannyProjectSdk.elf.size'
' '
17:25:49 **** Auto Build of configuration Debug for project cannyProjectSdk ****
make pre-build main-build 
a9-linaro-pre-build-step
' '
'Building file: ../src/main.cc'
'Invoking: ARM v7 g++ compiler'
arm-none-eabi-g++ -Wall -O0 -g3 -c -fmessage-length=0 -MT"src/main.o" -mcpu=cortex-a9 -mfpu=vfpv3 -mfloat-abi=hard -I../../cannyProjectSdk_bsp/ps7_cortexa9_0/include -MMD -MP -MF"src/main.d" -MT"src/main.o" -o "src/main.o" "../src/main.cc"
../src/main.cc: In function 'int main()':
../src/main.cc:48:24: warning: comparison between signed and unsigned integer expressions [-Wsign-compare]
      for(int i = 0 ; i < sizeof (readText) ; i++){
                      ~~^~~~~~~~~~
../src/main.cc:50:19: warning: comparison with string literal results in unspecified behavior [-Waddress]
       if(temp !=  "0"){
                   ^~~
../src/main.cc:50:19: error: ISO C++ forbids comparison between pointer and integer [-fpermissive]
make: *** [src/main.o] Error 1
17:27:39 **** Auto Build of configuration Debug for project cannyProjectSdk ****
make pre-build main-build 
a9-linaro-pre-build-step
' '
'Building file: ../src/main.cc'
'Invoking: ARM v7 g++ compiler'
arm-none-eabi-g++ -Wall -O0 -g3 -c -fmessage-length=0 -MT"src/main.o" -mcpu=cortex-a9 -mfpu=vfpv3 -mfloat-abi=hard -I../../cannyProjectSdk_bsp/ps7_cortexa9_0/include -MMD -MP -MF"src/main.d" -MT"src/main.o" -o "src/main.o" "../src/main.cc"
../src/main.cc: In function 'int main()':
../src/main.cc:48:24: warning: comparison between signed and unsigned integer expressions [-Wsign-compare]
      for(int i = 0 ; i < sizeof (readText) ; i++){
                      ~~^~~~~~~~~~
../src/main.cc:50:20: warning: comparison with string literal results in unspecified behavior [-Waddress]
       if(&temp !=  "0"){
                    ^~~
'Finished building: ../src/main.cc'
' '
'Building target: cannyProjectSdk.elf'
'Invoking: ARM v7 g++ linker'
arm-none-eabi-g++ -mcpu=cortex-a9 -mfpu=vfpv3 -mfloat-abi=hard -Wl,-build-id=none -specs=Xilinx.spec -Wl,-T -Wl,../src/lscript.ld -L../../cannyProjectSdk_bsp/ps7_cortexa9_0/lib -o "cannyProjectSdk.elf"  ./src/FileSDCard.o ./src/TestFileSDCard.o ./src/main.o ./src/platform.o   -Wl,--start-group,-lxilffs,-lxil,-lgcc,-lc,--end-group -Wl,--start-group,-lxil,-lgcc,-lc,-lstdc++,--end-group
'Finished building target: cannyProjectSdk.elf'
' '
'Invoking: ARM v7 Print Size'
arm-none-eabi-size cannyProjectSdk.elf  |tee "cannyProjectSdk.elf.size"
   text	   data	    bss	    dec	    hex	filename
 105480	   3032	  25584	 134096	  20bd0	cannyProjectSdk.elf
'Finished building: cannyProjectSdk.elf.size'
' '
17:27:53 **** Auto Build of configuration Debug for project cannyProjectSdk ****
make pre-build main-build 
a9-linaro-pre-build-step
' '
'Building file: ../src/main.cc'
'Invoking: ARM v7 g++ compiler'
arm-none-eabi-g++ -Wall -O0 -g3 -c -fmessage-length=0 -MT"src/main.o" -mcpu=cortex-a9 -mfpu=vfpv3 -mfloat-abi=hard -I../../cannyProjectSdk_bsp/ps7_cortexa9_0/include -MMD -MP -MF"src/main.d" -MT"src/main.o" -o "src/main.o" "../src/main.cc"
../src/main.cc: In function 'int main()':
../src/main.cc:48:24: warning: comparison between signed and unsigned integer expressions [-Wsign-compare]
      for(int i = 0 ; i < sizeof (readText) ; i++){
                      ~~^~~~~~~~~~
../src/main.cc:51:20: warning: comparison with string literal results in unspecified behavior [-Waddress]
[...]
'Finished building target: cannyProjectSdk.elf'
' '
'Invoking: ARM v7 Print Size'
arm-none-eabi-size cannyProjectSdk.elf  |tee "cannyProjectSdk.elf.size"
   text	   data	    bss	    dec	    hex	filename
 817382	   3284	1605216	2425882	 25041a	cannyProjectSdk.elf
'Finished building: cannyProjectSdk.elf.size'
' '
16:38:10 **** Auto Build of configuration Debug for project cannyProjectSdk ****
make pre-build main-build 
a9-linaro-pre-build-step
' '
'Building file: ../src/main.cc'
'Invoking: ARM v7 g++ compiler'
arm-none-eabi-g++ -Wall -O0 -g3 -c -fmessage-length=0 -MT"src/main.o" -mcpu=cortex-a9 -mfpu=vfpv3 -mfloat-abi=hard -I../../cannyProjectSdk_bsp/ps7_cortexa9_0/include -MMD -MP -MF"src/main.d" -MT"src/main.o" -o "src/main.o" "../src/main.cc"
../src/main.cc: In function 'int main()':
../src/main.cc:43:9: warning: unused variable 'size' [-Wunused-variable]
     int size = sizeof(readText);
         ^~~~
../src/main.cc:63:10: warning: unused variable 'inti' [-Wunused-variable]
      int inti = 255;
          ^~~~
../src/main.cc:102:11: warning: unused variable 'sizeOfFile' [-Wunused-variable]
       int sizeOfFile = amountOfRows*amountOfColumns*bytesPerPixel + (amountOfRows*padding) + offset;
           ^~~~~~~~~~
../src/main.cc:130:17: warning: unused variable 'blurValue' [-Wunused-variable]
          double blurValue = 1;
                 ^~~~~~~~~
../src/main.cc:135:14: warning: unused variable 'xKernel' [-Wunused-variable]
          int xKernel[3][3] = {-1 , 0 , 1 , -1 ,0 , 1 , -1 , 0 , 1};
              ^~~~~~~
../src/main.cc:136:14: warning: unused variable 'yKernel' [-Wunused-variable]
          int yKernel[3][3]= {-1 , -1 , -1 , 0 , 0 ,0 , 1 , 1 ,1};
              ^~~~~~~
'Finished building: ../src/main.cc'
' '
'Building target: cannyProjectSdk.elf'
'Invoking: ARM v7 g++ linker'
arm-none-eabi-g++ -mcpu=cortex-a9 -mfpu=vfpv3 -mfloat-abi=hard -Wl,-build-id=none -specs=Xilinx.spec -Wl,-T -Wl,../src/lscript.ld -L../../cannyProjectSdk_bsp/ps7_cortexa9_0/lib -o "cannyProjectSdk.elf"  ./src/FileSDCard.o ./src/TestFileSDCard.o ./src/constants.o ./src/main.o ./src/platform.o ./src/utilFunctions.o   -Wl,--start-group,-lxilffs,-lxil,-lgcc,-lc,--end-group -Wl,--start-group,-lxil,-lgcc,-lc,-lstdc++,--end-group
'Finished building target: cannyProjectSdk.elf'
' '
'Invoking: ARM v7 Print Size'
arm-none-eabi-size cannyProjectSdk.elf  |tee "cannyProjectSdk.elf.size"
   text	   data	    bss	    dec	    hex	filename
 817974	   3284	2391712	3212970	 3106aa	cannyProjectSdk.elf
'Finished building: cannyProjectSdk.elf.size'
' '
16:38:28 **** Auto Build of configuration Debug for project cannyProjectSdk ****
make pre-build main-build 
a9-linaro-pre-build-step
' '
'Building file: ../src/main.cc'
'Invoking: ARM v7 g++ compiler'
arm-none-eabi-g++ -Wall -O0 -g3 -c -fmessage-length=0 -MT"src/main.o" -mcpu=cortex-a9 -mfpu=vfpv3 -mfloat-abi=hard -I../../cannyProjectSdk_bsp/ps7_cortexa9_0/include -MMD -MP -MF"src/main.d" -MT"src/main.o" -o "src/main.o" "../src/main.cc"
../src/main.cc: In function 'int main()':
../src/main.cc:43:9: warning: unused variable 'size' [-Wunused-variable]
     int size = sizeof(readText);
         ^~~~
../src/main.cc:63:10: warning: unused variable 'inti' [-Wunused-variable]
      int inti = 255;
          ^~~~
../src/main.cc:102:11: warning: unused variable 'sizeOfFile' [-Wunused-variable]
       int sizeOfFile = amountOfRows*amountOfColumns*bytesPerPixel + (amountOfRows*padding) + offset;
           ^~~~~~~~~~
../src/main.cc:130:17: warning: unused variable 'blurValue' [-Wunused-variable]
          double blurValue = 1;
                 ^~~~~~~~~
../src/main.cc:135:14: warning: unused variable 'xKernel' [-Wunused-variable]
          int xKernel[3][3] = {-1 , 0 , 1 , -1 ,0 , 1 , -1 , 0 , 1};
              ^~~~~~~
../src/main.cc:136:14: warning: unused variable 'yKernel' [-Wunused-variable]
          int yKernel[3][3]= {-1 , -1 , -1 , 0 , 0 ,0 , 1 , 1 ,1};
              ^~~~~~~
'Finished building: ../src/main.cc'
' '
'Building target: cannyProjectSdk.elf'
'Invoking: ARM v7 g++ linker'
arm-none-eabi-g++ -mcpu=cortex-a9 -mfpu=vfpv3 -mfloat-abi=hard -Wl,-build-id=none -specs=Xilinx.spec -Wl,-T -Wl,../src/lscript.ld -L../../cannyProjectSdk_bsp/ps7_cortexa9_0/lib -o "cannyProjectSdk.elf"  ./src/FileSDCard.o ./src/TestFileSDCard.o ./src/constants.o ./src/main.o ./src/platform.o ./src/utilFunctions.o   -Wl,--start-group,-lxilffs,-lxil,-lgcc,-lc,--end-group -Wl,--start-group,-lxil,-lgcc,-lc,-lstdc++,--end-group
'Finished building target: cannyProjectSdk.elf'
' '
'Invoking: ARM v7 Print Size'
arm-none-eabi-size cannyProjectSdk.elf  |tee "cannyProjectSdk.elf.size"
   text	   data	    bss	    dec	    hex	filename
 817974	   3284	2391712	3212970	 3106aa	cannyProjectSdk.elf
'Finished building: cannyProjectSdk.elf.size'
' '
16:38:58 **** Auto Build of configuration Debug for project cannyProjectSdk ****
make pre-build main-build 
a9-linaro-pre-build-step
' '
'Building file: ../src/main.cc'
'Invoking: ARM v7 g++ compiler'
arm-none-eabi-g++ -Wall -O0 -g3 -c -fmessage-length=0 -MT"src/main.o" -mcpu=cortex-a9 -mfpu=vfpv3 -mfloat-abi=hard -I../../cannyProjectSdk_bsp/ps7_cortexa9_0/include -MMD -MP -MF"src/main.d" -MT"src/main.o" -o "src/main.o" "../src/main.cc"
../src/main.cc: In function 'int main()':
../src/main.cc:43:9: warning: unused variable 'size' [-Wunused-variable]
     int size = sizeof(readText);
         ^~~~
../src/main.cc:63:10: warning: unused variable 'inti' [-Wunused-variable]
      int inti = 255;
          ^~~~
../src/main.cc:102:11: warning: unused variable 'sizeOfFile' [-Wunused-variable]
       int sizeOfFile = amountOfRows*amountOfColumns*bytesPerPixel + (amountOfRows*padding) + offset;
           ^~~~~~~~~~
../src/main.cc:130:17: warning: unused variable 'blurValue' [-Wunused-variable]
          double blurValue = 1;
                 ^~~~~~~~~
../src/main.cc:135:14: warning: unused variable 'xKernel' [-Wunused-variable]
          int xKernel[3][3] = {-1 , 0 , 1 , -1 ,0 , 1 , -1 , 0 , 1};
              ^~~~~~~
../src/main.cc:136:14: warning: unused variable 'yKernel' [-Wunused-variable]
          int yKernel[3][3]= {-1 , -1 , -1 , 0 , 0 ,0 , 1 , 1 ,1};
              ^~~~~~~
'Finished building: ../src/main.cc'
' '
'Building target: cannyProjectSdk.elf'
'Invoking: ARM v7 g++ linker'
arm-none-eabi-g++ -mcpu=cortex-a9 -mfpu=vfpv3 -mfloat-abi=hard -Wl,-build-id=none -specs=Xilinx.spec -Wl,-T -Wl,../src/lscript.ld -L../../cannyProjectSdk_bsp/ps7_cortexa9_0/lib -o "cannyProjectSdk.elf"  ./src/FileSDCard.o ./src/TestFileSDCard.o ./src/constants.o ./src/main.o ./src/platform.o ./src/utilFunctions.o   -Wl,--start-group,-lxilffs,-lxil,-lgcc,-lc,--end-group -Wl,--start-group,-lxil,-lgcc,-lc,-lstdc++,--end-group
'Finished building target: cannyProjectSdk.elf'
' '
'Invoking: ARM v7 Print Size'
arm-none-eabi-size cannyProjectSdk.elf  |tee "cannyProjectSdk.elf.size"
   text	   data	    bss	    dec	    hex	filename
 817974	   3284	2391712	3212970	 3106aa	cannyProjectSdk.elf
'Finished building: cannyProjectSdk.elf.size'
' '
16:39:10 **** Incremental Build of configuration Debug for project cannyProjectSdk ****
make pre-build main-build 
a9-linaro-pre-build-step
' '
make: Nothing to be done for `main-build'.
16:41:03 **** Auto Build of configuration Debug for project cannyProjectSdk ****
make pre-build main-build 
a9-linaro-pre-build-step
' '
'Building file: ../src/main.cc'
'Invoking: ARM v7 g++ compiler'
arm-none-eabi-g++ -Wall -O0 -g3 -c -fmessage-length=0 -MT"src/main.o" -mcpu=cortex-a9 -mfpu=vfpv3 -mfloat-abi=hard -I../../cannyProjectSdk_bsp/ps7_cortexa9_0/include -MMD -MP -MF"src/main.d" -MT"src/main.o" -o "src/main.o" "../src/main.cc"
../src/main.cc: In function 'int main()':
../src/main.cc:43:9: warning: unused variable 'size' [-Wunused-variable]
     int size = sizeof(readText);
         ^~~~
../src/main.cc:63:10: warning: unused variable 'inti' [-Wunused-variable]
      int inti = 255;
          ^~~~
../src/main.cc:102:11: warning: unused variable 'sizeOfFile' [-Wunused-variable]
       int sizeOfFile = amountOfRows*amountOfColumns*bytesPerPixel + (amountOfRows*padding) + offset;
           ^~~~~~~~~~
../src/main.cc:131:17: warning: unused variable 'blurValue' [-Wunused-variable]
          double blurValue = 1;
                 ^~~~~~~~~
../src/main.cc:136:14: warning: unused variable 'xKernel' [-Wunused-variable]
          int xKernel[3][3] = {-1 , 0 , 1 , -1 ,0 , 1 , -1 , 0 , 1};
              ^~~~~~~
../src/main.cc:137:14: warning: unused variable 'yKernel' [-Wunused-variable]
          int yKernel[3][3]= {-1 , -1 , -1 , 0 , 0 ,0 , 1 , 1 ,1};
              ^~~~~~~
'Finished building: ../src/main.cc'
' '
'Building target: cannyProjectSdk.elf'
'Invoking: ARM v7 g++ linker'
arm-none-eabi-g++ -mcpu=cortex-a9 -mfpu=vfpv3 -mfloat-abi=hard -Wl,-build-id=none -specs=Xilinx.spec -Wl,-T -Wl,../src/lscript.ld -L../../cannyProjectSdk_bsp/ps7_cortexa9_0/lib -o "cannyProjectSdk.elf"  ./src/FileSDCard.o ./src/TestFileSDCard.o ./src/constants.o ./src/main.o ./src/platform.o ./src/utilFunctions.o   -Wl,--start-group,-lxilffs,-lxil,-lgcc,-lc,--end-group -Wl,--start-group,-lxil,-lgcc,-lc,-lstdc++,--end-group
'Finished building target: cannyProjectSdk.elf'
' '
'Invoking: ARM v7 Print Size'
arm-none-eabi-size cannyProjectSdk.elf  |tee "cannyProjectSdk.elf.size"
   text	   data	    bss	    dec	    hex	filename
 818038	   3284	2391712	3213034	 3106ea	cannyProjectSdk.elf
'Finished building: cannyProjectSdk.elf.size'
' '
16:41:43 **** Incremental Build of configuration Debug for project cannyProjectSdk ****
make pre-build main-build 
a9-linaro-pre-build-step
' '
make: Nothing to be done for `main-build'.
16:44:05 **** Auto Build of configuration Debug for project cannyProjectSdk ****
make pre-build main-build 
a9-linaro-pre-build-step
' '
'Building file: ../src/main.cc'
'Invoking: ARM v7 g++ compiler'
arm-none-eabi-g++ -Wall -O0 -g3 -c -fmessage-length=0 -MT"src/main.o" -mcpu=cortex-a9 -mfpu=vfpv3 -mfloat-abi=hard -I../../cannyProjectSdk_bsp/ps7_cortexa9_0/include -MMD -MP -MF"src/main.d" -MT"src/main.o" -o "src/main.o" "../src/main.cc"
../src/main.cc: In function 'int main()':
../src/main.cc:43:9: warning: unused variable 'size' [-Wunused-variable]
     int size = sizeof(readText);
         ^~~~
../src/main.cc:63:10: warning: unused variable 'inti' [-Wunused-variable]
      int inti = 255;
          ^~~~
../src/main.cc:102:11: warning: unused variable 'sizeOfFile' [-Wunused-variable]
       int sizeOfFile = amountOfRows*amountOfColumns*bytesPerPixel + (amountOfRows*padding) + offset;
           ^~~~~~~~~~
../src/main.cc:131:17: warning: unused variable 'blurValue' [-Wunused-variable]
          double blurValue = 1;
                 ^~~~~~~~~
../src/main.cc:136:14: warning: unused variable 'xKernel' [-Wunused-variable]
          int xKernel[3][3] = {-1 , 0 , 1 , -1 ,0 , 1 , -1 , 0 , 1};
              ^~~~~~~
../src/main.cc:137:14: warning: unused variable 'yKernel' [-Wunused-variable]
          int yKernel[3][3]= {-1 , -1 , -1 , 0 , 0 ,0 , 1 , 1 ,1};
              ^~~~~~~
'Finished building: ../src/main.cc'
' '
'Building target: cannyProjectSdk.elf'
'Invoking: ARM v7 g++ linker'
arm-none-eabi-g++ -mcpu=cortex-a9 -mfpu=vfpv3 -mfloat-abi=hard -Wl,-build-id=none -specs=Xilinx.spec -Wl,-T -Wl,../src/lscript.ld -L../../cannyProjectSdk_bsp/ps7_cortexa9_0/lib -o "cannyProjectSdk.elf"  ./src/FileSDCard.o ./src/TestFileSDCard.o ./src/constants.o ./src/main.o ./src/platform.o ./src/utilFunctions.o   -Wl,--start-group,-lxilffs,-lxil,-lgcc,-lc,--end-group -Wl,--start-group,-lxil,-lgcc,-lc,-lstdc++,--end-group
'Finished building target: cannyProjectSdk.elf'
' '
'Invoking: ARM v7 Print Size'
arm-none-eabi-size cannyProjectSdk.elf  |tee "cannyProjectSdk.elf.size"
   text	   data	    bss	    dec	    hex	filename
 818038	   3284	2391712	3213034	 3106ea	cannyProjectSdk.elf
'Finished building: cannyProjectSdk.elf.size'
' '
16:44:19 **** Incremental Build of configuration Debug for project cannyProjectSdk ****
make pre-build main-build 
a9-linaro-pre-build-step
' '
make: Nothing to be done for `main-build'.
16:45:17 **** Incremental Build of configuration Debug for project cannyProjectSdk ****
make pre-build main-build 
a9-linaro-pre-build-step
' '
make: Nothing to be done for `main-build'.
16:48:51 **** Auto Build of configuration Debug for project cannyProjectSdk ****
make pre-build main-build 
a9-linaro-pre-build-step
' '
'Building file: ../src/main.cc'
'Invoking: ARM v7 g++ compiler'
arm-none-eabi-g++ -Wall -O0 -g3 -c -fmessage-length=0 -MT"src/main.o" -mcpu=cortex-a9 -mfpu=vfpv3 -mfloat-abi=hard -I../../cannyProjectSdk_bsp/ps7_cortexa9_0/include -MMD -MP -MF"src/main.d" -MT"src/main.o" -o "src/main.o" "../src/main.cc"
../src/main.cc: In function 'int main()':
../src/main.cc:43:9: warning: unused variable 'size' [-Wunused-variable]
     int size = sizeof(readText);
         ^~~~
../src/main.cc:63:10: warning: unused variable 'inti' [-Wunused-variable]
      int inti = 255;
          ^~~~
../src/main.cc:102:11: warning: unused variable 'sizeOfFile' [-Wunused-variable]
       int sizeOfFile = amountOfRows*amountOfColumns*bytesPerPixel + (amountOfRows*padding) + offset;
           ^~~~~~~~~~
../src/main.cc:131:17: warning: unused variable 'blurValue' [-Wunused-variable]
          double blurValue = 1;
                 ^~~~~~~~~
../src/main.cc:136:14: warning: unused variable 'xKernel' [-Wunused-variable]
          int xKernel[3][3] = {-1 , 0 , 1 , -1 ,0 , 1 , -1 , 0 , 1};
              ^~~~~~~
../src/main.cc:137:14: warning: unused variable 'yKernel' [-Wunused-variable]
          int yKernel[3][3]= {-1 , -1 , -1 , 0 , 0 ,0 , 1 , 1 ,1};
              ^~~~~~~
../src/main.cc:139:14: warning: unused variable 'pixelBlur' [-Wunused-variable]
          int pixelBlur = 0;
              ^~~~~~~~~
'Finished building: ../src/main.cc'
' '
'Building target: cannyProjectSdk.elf'
'Invoking: ARM v7 g++ linker'
arm-none-eabi-g++ -mcpu=cortex-a9 -mfpu=vfpv3 -mfloat-abi=hard -Wl,-build-id=none -specs=Xilinx.spec -Wl,-T -Wl,../src/lscript.ld -L../../cannyProjectSdk_bsp/ps7_cortexa9_0/lib -o "cannyProjectSdk.elf"  ./src/FileSDCard.o ./src/TestFileSDCard.o ./src/constants.o ./src/main.o ./src/platform.o ./src/utilFunctions.o   -Wl,--start-group,-lxilffs,-lxil,-lgcc,-lc,--end-group -Wl,--start-group,-lxil,-lgcc,-lc,-lstdc++,--end-group
'Finished building target: cannyProjectSdk.elf'
' '
'Invoking: ARM v7 Print Size'
arm-none-eabi-size cannyProjectSdk.elf  |tee "cannyProjectSdk.elf.size"
   text	   data	    bss	    dec	    hex	filename
 818038	   3284	2391712	3213034	 3106ea	cannyProjectSdk.elf
'Finished building: cannyProjectSdk.elf.size'
' '
16:49:15 **** Incremental Build of configuration Debug for project cannyProjectSdk ****
make pre-build main-build 
a9-linaro-pre-build-step
' '
make: Nothing to be done for `main-build'.
16:56:09 **** Auto Build of configuration Debug for project cannyProjectSdk ****
make pre-build main-build 
a9-linaro-pre-build-step
' '
'Building file: ../src/main.cc'
'Invoking: ARM v7 g++ compiler'
arm-none-eabi-g++ -Wall -O0 -g3 -c -fmessage-length=0 -MT"src/main.o" -mcpu=cortex-a9 -mfpu=vfpv3 -mfloat-abi=hard -I../../cannyProjectSdk_bsp/ps7_cortexa9_0/include -MMD -MP -MF"src/main.d" -MT"src/main.o" -o "src/main.o" "../src/main.cc"
../src/main.cc: In function 'int main()':
../src/main.cc:43:9: warning: unused variable 'size' [-Wunused-variable]
     int size = sizeof(readText);
         ^~~~
../src/main.cc:63:10: warning: unused variable 'inti' [-Wunused-variable]
      int inti = 255;
          ^~~~
../src/main.cc:102:11: warning: unused variable 'sizeOfFile' [-Wunused-variable]
       int sizeOfFile = amountOfRows*amountOfColumns*bytesPerPixel + (amountOfRows*padding) + offset;
           ^~~~~~~~~~
../src/main.cc:131:17: warning: unused variable 'blurValue' [-Wunused-variable]
          double blurValue = 1;
                 ^~~~~~~~~
../src/main.cc:136:14: warning: unused variable 'xKernel' [-Wunused-variable]
          int xKernel[3][3] = {-1 , 0 , 1 , -1 ,0 , 1 , -1 , 0 , 1};
              ^~~~~~~
../src/main.cc:137:14: warning: unused variable 'yKernel' [-Wunused-variable]
          int yKernel[3][3]= {-1 , -1 , -1 , 0 , 0 ,0 , 1 , 1 ,1};
              ^~~~~~~
../src/main.cc:139:14: warning: unused variable 'pixelBlur' [-Wunused-variable]
          int pixelBlur = 0;
              ^~~~~~~~~
'Finished building: ../src/main.cc'
' '
'Building target: cannyProjectSdk.elf'
'Invoking: ARM v7 g++ linker'
arm-none-eabi-g++ -mcpu=cortex-a9 -mfpu=vfpv3 -mfloat-abi=hard -Wl,-build-id=none -specs=Xilinx.spec -Wl,-T -Wl,../src/lscript.ld -L../../cannyProjectSdk_bsp/ps7_cortexa9_0/lib -o "cannyProjectSdk.elf"  ./src/FileSDCard.o ./src/TestFileSDCard.o ./src/constants.o ./src/main.o ./src/platform.o ./src/utilFunctions.o   -Wl,--start-group,-lxilffs,-lxil,-lgcc,-lc,--end-group -Wl,--start-group,-lxil,-lgcc,-lc,-lstdc++,--end-group
'Finished building target: cannyProjectSdk.elf'
' '
'Invoking: ARM v7 Print Size'
arm-none-eabi-size cannyProjectSdk.elf  |tee "cannyProjectSdk.elf.size"
   text	   data	    bss	    dec	    hex	filename
 818038	   3284	2391712	3213034	 3106ea	cannyProjectSdk.elf
'Finished building: cannyProjectSdk.elf.size'
' '
16:56:53 **** Incremental Build of configuration Debug for project cannyProjectSdk ****
make pre-build main-build 
a9-linaro-pre-build-step
' '
make: Nothing to be done for `main-build'.
17:04:53 **** Auto Build of configuration Debug for project cannyProjectSdk ****
make pre-build main-build 
a9-linaro-pre-build-step
' '
'Building file: ../src/main.cc'
'Invoking: ARM v7 g++ compiler'
arm-none-eabi-g++ -Wall -O0 -g3 -c -fmessage-length=0 -MT"src/main.o" -mcpu=cortex-a9 -mfpu=vfpv3 -mfloat-abi=hard -I../../cannyProjectSdk_bsp/ps7_cortexa9_0/include -MMD -MP -MF"src/main.d" -MT"src/main.o" -o "src/main.o" "../src/main.cc"
../src/main.cc: In function 'int main()':
../src/main.cc:43:9: warning: unused variable 'size' [-Wunused-variable]
     int size = sizeof(readText);
         ^~~~
../src/main.cc:63:10: warning: unused variable 'inti' [-Wunused-variable]
      int inti = 255;
          ^~~~
../src/main.cc:102:11: warning: unused variable 'sizeOfFile' [-Wunused-variable]
       int sizeOfFile = amountOfRows*amountOfColumns*bytesPerPixel + (amountOfRows*padding) + offset;
           ^~~~~~~~~~
../src/main.cc:131:17: warning: unused variable 'blurValue' [-Wunused-variable]
          double blurValue = 1;
                 ^~~~~~~~~
../src/main.cc:136:14: warning: unused variable 'xKernel' [-Wunused-variable]
          int xKernel[3][3] = {-1 , 0 , 1 , -1 ,0 , 1 , -1 , 0 , 1};
              ^~~~~~~
../src/main.cc:137:14: warning: unused variable 'yKernel' [-Wunused-variable]
          int yKernel[3][3]= {-1 , -1 , -1 , 0 , 0 ,0 , 1 , 1 ,1};
              ^~~~~~~
../src/main.cc:139:14: warning: unused variable 'pixelBlur' [-Wunused-variable]
          int pixelBlur = 0;
              ^~~~~~~~~
'Finished building: ../src/main.cc'
' '
'Building target: cannyProjectSdk.elf'
'Invoking: ARM v7 g++ linker'
arm-none-eabi-g++ -mcpu=cortex-a9 -mfpu=vfpv3 -mfloat-abi=hard -Wl,-build-id=none -specs=Xilinx.spec -Wl,-T -Wl,../src/lscript.ld -L../../cannyProjectSdk_bsp/ps7_cortexa9_0/lib -o "cannyProjectSdk.elf"  ./src/FileSDCard.o ./src/TestFileSDCard.o ./src/constants.o ./src/main.o ./src/platform.o ./src/utilFunctions.o   -Wl,--start-group,-lxilffs,-lxil,-lgcc,-lc,--end-group -Wl,--start-group,-lxil,-lgcc,-lc,-lstdc++,--end-group
'Finished building target: cannyProjectSdk.elf'
' '
'Invoking: ARM v7 Print Size'
arm-none-eabi-size cannyProjectSdk.elf  |tee "cannyProjectSdk.elf.size"
   text	   data	    bss	    dec	    hex	filename
 818038	   3284	2391712	3213034	 3106ea	cannyProjectSdk.elf
'Finished building: cannyProjectSdk.elf.size'
' '
