17:04:53 **** Auto Build of configuration Debug for project cannyProjectSdk ****
make pre-build main-build 
a9-linaro-pre-build-step
' '
'Building file: ../src/main.cc'
'Invoking: ARM v7 g++ compiler'
arm-none-eabi-g++ -Wall -O0 -g3 -c -fmessage-length=0 -MT"src/main.o" -mcpu=cortex-a9 -mfpu=vfpv3 -mfloat-abi=hard -I../../cannyProjectSdk_bsp/ps7_cortexa9_0/include -MMD -MP -MF"src/main.d" -MT"src/main.o" -o "src/main.o" "../src/main.cc"
../src/main.cc: In function 'int main()':
../src/main.cc:43:9: warning: unused variable 'size' [-Wunused-variable]
     int size = sizeof(readText);
         ^~~~
../src/main.cc:63:10: warning: unused variable 'inti' [-Wunused-variable]
      int inti = 255;
          ^~~~
../src/main.cc:102:11: warning: unused variable 'sizeOfFile' [-Wunused-variable]
       int sizeOfFile = amountOfRows*amountOfColumns*bytesPerPixel + (amountOfRows*padding) + offset;
           ^~~~~~~~~~
../src/main.cc:131:17: warning: unused variable 'blurValue' [-Wunused-variable]
          double blurValue = 1;
                 ^~~~~~~~~
../src/main.cc:136:14: warning: unused variable 'xKernel' [-Wunused-variable]
          int xKernel[3][3] = {-1 , 0 , 1 , -1 ,0 , 1 , -1 , 0 , 1};
              ^~~~~~~
../src/main.cc:137:14: warning: unused variable 'yKernel' [-Wunused-variable]
          int yKernel[3][3]= {-1 , -1 , -1 , 0 , 0 ,0 , 1 , 1 ,1};
              ^~~~~~~
../src/main.cc:139:14: warning: unused variable 'pixelBlur' [-Wunused-variable]
          int pixelBlur = 0;
              ^~~~~~~~~
'Finished building: ../src/main.cc'
' '
'Building target: cannyProjectSdk.elf'
'Invoking: ARM v7 g++ linker'
arm-none-eabi-g++ -mcpu=cortex-a9 -mfpu=vfpv3 -mfloat-abi=hard -Wl,-build-id=none -specs=Xilinx.spec -Wl,-T -Wl,../src/lscript.ld -L../../cannyProjectSdk_bsp/ps7_cortexa9_0/lib -o "cannyProjectSdk.elf"  ./src/FileSDCard.o ./src/TestFileSDCard.o ./src/constants.o ./src/main.o ./src/platform.o ./src/utilFunctions.o   -Wl,--start-group,-lxilffs,-lxil,-lgcc,-lc,--end-group -Wl,--start-group,-lxil,-lgcc,-lc,-lstdc++,--end-group
'Finished building target: cannyProjectSdk.elf'
' '
'Invoking: ARM v7 Print Size'
arm-none-eabi-size cannyProjectSdk.elf  |tee "cannyProjectSdk.elf.size"
   text	   data	    bss	    dec	    hex	filename
 818038	   3284	2391712	3213034	 3106ea	cannyProjectSdk.elf
'Finished building: cannyProjectSdk.elf.size'
' '

17:04:56 Build Finished (took 2s.543ms)

