17:11:50 **** Auto Build of configuration Debug for project cannySDK ****
make pre-build main-build 
a9-linaro-pre-build-step
' '
'Building file: ../src/main.cc'
'Invoking: ARM v7 g++ compiler'
arm-none-eabi-g++ -Wall -O0 -g3 -c -fmessage-length=0 -MT"src/main.o" -mcpu=cortex-a9 -mfpu=vfpv3 -mfloat-abi=hard -I../../cannyBSP/ps7_cortexa9_0/include -MMD -MP -MF"src/main.d" -MT"src/main.o" -o "src/main.o" "../src/main.cc"
../src/main.cc: In function 'int main()':
../src/main.cc:83:54: warning: for increment expression has no effect [-Wunused-value]
      for(int column = 0 ; column < amountOfColumns ; amountOfColumns )
                                                      ^~~~~~~~~~~~~~~
../src/main.cc:83:6: warning: this 'for' clause does not guard... [-Wmisleading-indentation]
      for(int column = 0 ; column < amountOfColumns ; amountOfColumns )
      ^~~
../src/main.cc:91:13: note: ...this statement, but the latter is misleadingly indented as if it is guarded by the 'for'
             if (result != XST_SUCCESS) printf("Failed to mount SD card\r\n");
             ^~
../src/main.cc:81:10: warning: unused variable 'amounmtOfRows' [-Wunused-variable]
      int amounmtOfRows = 512;
          ^~~~~~~~~~~~~
../src/main.cc: At global scope:
../src/main.cc:40:13: warning: 'readText2' defined but not used [-Wunused-variable]
 static char readText2[786486];
             ^~~~~~~~~
'Finished building: ../src/main.cc'
' '
'Building target: cannySDK.elf'
'Invoking: ARM v7 g++ linker'
arm-none-eabi-g++ -mcpu=cortex-a9 -mfpu=vfpv3 -mfloat-abi=hard -Wl,-build-id=none -specs=Xilinx.spec -Wl,-T -Wl,../src/lscript.ld -L../../cannyBSP/ps7_cortexa9_0/lib -o "cannySDK.elf"  ./src/FileSDCard.o ./src/main.o ./src/platform.o   -Wl,--start-group,-lxil,-lgcc,-lc,-lstdc++,--end-group -Wl,--start-group,-lxilffs,-lxil,-lgcc,-lc,--end-group
'Finished building target: cannySDK.elf'
' '
'Invoking: ARM v7 Print Size'
arm-none-eabi-size cannySDK.elf  |tee "cannySDK.elf.size"
   text	   data	    bss	    dec	    hex	filename
 801143	   3296	2391456	3195895	 30c3f7	cannySDK.elf
'Finished building: cannySDK.elf.size'
' '

17:11:55 Build Finished (took 5s.25ms)

